INFO: KMSM contract open succeeded.
INFO: running with loaded data contract.
SUCCESS: Mojo-V data contract validated and loaded.
Decrypted data_contract_t fields:
  salt        = 0xa1bd51183082e0ca
  sig         = "Mojo-V ver. #001"
  sym_key_128 = 0x27a48e9de04eadbc5297fe6330cea7d6
  contract_sig= 0x5d34f1ad3b2327b3
  ciphers     = 0x0000000000000000
  format_sel  = 0 (fast)
HighLife 20x20 after 0 iterations:
....#...#.#.#....#.#
##.###.#.###.##...##
###...##..#.##..#.#.
#######.#.#...#.#...
##.###..#.#..#.#....
.##.#...##.##..###..
.#.#.#....##.#...#.#
##....####..#.###...
##..##.#....#...###.
#..##.....#.#.#..#..
..#..#...###.#.#.##.
#.##.##.##.##...#.##
###.#.#..#...#...###
.#.##........##.##.#
..#####....#.##.#..#
#.####..#..#####..##
.....##...####.##.#.
.##.#...###.#....###
..#..##.#.##.#.....#
#.#.#.#.#.#..####.#.
Alive cells: 193
HighLife 20x20 after 25 iterations:
.....#.#............
.......#............
..........##........
.......#..#.#.....##
#...##....#.#......#
###.##..............
..#.##..#..#........
.##.#....###........
..##.....##.........
..............##....
..............##....
....................
....................
....................
....................
....................
..............##....
..............##....
....................
......#.............
Alive cells: 45
HighLife 20x20 after 50 iterations:
.......###..........
.....#.....#........
.....#.....#........
.#...#......#.......
#....#..#...........
#....#.##...........
........##..........
.....##..##.........
.......#.#..........
........#...........
....................
......#.............
.....#.#............
....................
.....###............
....................
..............##....
..............##....
....................
....................
Alive cells: 36
HighLife 20x20 after 75 iterations:
....................
....................
....................
....................
....................
....................
....................
....................
....................
....................
...#................
.#..##..............
.#.##...............
..##................
......#.............
....................
..............##....
..............##....
....................
....................
Alive cells: 14
HighLife 20x20 after 100 iterations:
....................
....................
....................
....................
....................
....................
....................
....................
....................
....................
.##..##.............
.####.#.............
....###.............
....................
....................
....#.#.............
....#..#......##....
....#.#.......##....
....................
....................
Alive cells: 22
HighLife 20x20 after 125 iterations:
.#...#..............
..#.#...............
.#.#.#..............
.#...#..............
..#...#.............
......#.............
.....##.............
...##...............
....#.#.............
.......#............
..#..###............
.#.....#..###.......
..#..#.##.#.#.......
...####.....#.......
.....#.....#.#......
..........###.#.....
..........#....#....
.....#.........#....
....###.......#.....
.##.#...............
Alive cells: 57
HighLife 20x20 after 150 iterations:
#.##....#.........#.
#.................##
#.................#.
#..................#
.#................##
.##............##...
.................#..
...............###..
....................
....................
..#.................
.#.....#............
........#...........
...##....#..##......
..##.....#.#.##.....
........#.##.###...#
......###.....#....#
##.....#..#..#.....#
......##.#.##.......
#...#..###.........#
Alive cells: 67
HighLife 20x20 after 175 iterations:
.............###....
...............#....
...........#...#....
............##.#.#..
................##..
.................#..
....................
....................
....................
....##..............
....##..............
............###.....
.##.........#.#.....
#..#........#..#....
.##.................
.......#............
......###.....#.....
.....#..##...###....
.....#..#....#.##...
......##.......##...
Alive cells: 50
HighLife 20x20 after 200 iterations:
....................
....................
....................
....................
....................
.................#..
................#.#.
...............#..#.
................##..
....................
.....#..............
....###.............
#..#.#..............
##...##.............
...#..##............
.....#.#............
......#.............
....................
....................
....................
Alive cells: 24
HighLife 20x20 after 225 iterations:
....................
....................
....................
....................
....................
.................#..
................#.#.
...............#..#.
................##..
....................
.......##...........
......#..#..........
......#.#...#.......
.......#...#.#......
...........####.....
..........#.........
............#.......
....................
....................
....................
Alive cells: 23
HighLife 20x20 after 250 iterations:
....................
....................
....................
....................
....................
................###.
...............####.
..............#.....
....................
......###...........
....................
....#.#.#.#...###...
##..#.....####.##...
.#..#.#.#.#######..#
.#............#.#...
#.....###.....#..#.#
.............#.....#
.............##.....
....................
....................
Alive cells: 53
