--- Test 0 ---
INFO: KMSM contract open succeeded.
INFO: running with loaded data contract.
SUCCESS: Mojo-V data contract validated and loaded.
Decrypted data_contract_t fields:
  salt        = 0xa08e2f1e9138f969
  sig         = "Mojo-V ver. #001"
  sym_key_128 = 0xed724bfac286f7033e9a998aded176ff
  contract_sig= 0xe18c51589dde18ff
  ciphers     = 0x0000000000000000
  format_sel  = 2 (proofcarrying)
Vote tally safe disclosure demo
  ballots: 32 encrypted votes over 3 candidates
  debug: tally_A grant valid: yes
  debug: tally_B grant valid: yes
  debug: tally_C grant valid: yes
INFO: Running vote tally Mojo-V test 0...
  disclosed tally_A: 10
  disclosed tally_B: 10
  disclosed tally_C: 10
  ballots needing to be cured: ballot #9, ballot #13
SUCCESS: disclosed tally_A (10), tally_B (10), and tally_C (10).
SUCCESS: identified 2 ballots needing cure.
SUCCESS: individual ballots remain encrypted; only final aggregate counts were disclosed.
--- Test 1 ---
INFO: KMSM contract open succeeded.
INFO: running with loaded data contract.
SUCCESS: Mojo-V data contract validated and loaded.
Decrypted data_contract_t fields:
  salt        = 0xa08e2f1e9138f969
  sig         = "Mojo-V ver. #001"
  sym_key_128 = 0xed724bfac286f7033e9a998aded176ff
  contract_sig= 0xe18c51589dde18ff
  ciphers     = 0x0000000000000000
  format_sel  = 2 (proofcarrying)
Vote tally safe disclosure demo
  ballots: 32 encrypted votes over 3 candidates
  debug: tally_A grant valid: yes
  debug: tally_B grant valid: yes
  debug: tally_C grant valid: yes
INFO: Running vote tally Mojo-V test 1...
  negative test: disclose tally_B with tally_A_grant.
ERROR: *** TRAP ***
  mcause = 0x1f (Mojo-V security exception)
  mtval  = 0x03de052b
ERROR: failure with termination code `1'
--- Test 2 ---
INFO: KMSM contract open succeeded.
INFO: running with loaded data contract.
SUCCESS: Mojo-V data contract validated and loaded.
Decrypted data_contract_t fields:
  salt        = 0xa08e2f1e9138f969
  sig         = "Mojo-V ver. #001"
  sym_key_128 = 0xed724bfac286f7033e9a998aded176ff
  contract_sig= 0xe18c51589dde18ff
  ciphers     = 0x0000000000000000
  format_sel  = 2 (proofcarrying)
Vote tally safe disclosure demo
  ballots: 32 encrypted votes over 3 candidates
  debug: tally_A grant valid: yes
  debug: tally_B grant valid: yes
  debug: tally_C grant valid: yes
INFO: Running vote tally Mojo-V test 2...
  negative test: disclose encrypted_ballots[0] with tally_A_grant.
ERROR: *** TRAP ***
  mcause = 0x1f (Mojo-V security exception)
  mtval  = 0x03de052b
ERROR: failure with termination code `1'
--- Test 3 ---
INFO: KMSM contract open succeeded.
INFO: running with loaded data contract.
SUCCESS: Mojo-V data contract validated and loaded.
Decrypted data_contract_t fields:
  salt        = 0xa08e2f1e9138f969
  sig         = "Mojo-V ver. #001"
  sym_key_128 = 0xed724bfac286f7033e9a998aded176ff
  contract_sig= 0xe18c51589dde18ff
  ciphers     = 0x0000000000000000
  format_sel  = 2 (proofcarrying)
Vote tally safe disclosure demo
  ballots: 32 encrypted votes over 3 candidates
  debug: tally_A grant valid: yes
  debug: tally_B grant valid: yes
  debug: tally_C grant valid: yes
INFO: Running vote tally Mojo-V test 3...
  negative test: disclose tally_A with tally_B_grant.
ERROR: *** TRAP ***
  mcause = 0x1f (Mojo-V security exception)
  mtval  = 0x03de052b
ERROR: failure with termination code `1'
--- Test 4 ---
INFO: KMSM contract open succeeded.
INFO: running with loaded data contract.
SUCCESS: Mojo-V data contract validated and loaded.
Decrypted data_contract_t fields:
  salt        = 0xa08e2f1e9138f969
  sig         = "Mojo-V ver. #001"
  sym_key_128 = 0xed724bfac286f7033e9a998aded176ff
  contract_sig= 0xe18c51589dde18ff
  ciphers     = 0x0000000000000000
  format_sel  = 2 (proofcarrying)
Vote tally safe disclosure demo
  ballots: 32 encrypted votes over 3 candidates
  debug: tally_A grant valid: yes
  debug: tally_B grant valid: yes
  debug: tally_C grant valid: yes
INFO: Running vote tally Mojo-V test 4...
  negative test: disclose tally_A with bogus datagrant ciphertext.
ERROR: *** TRAP ***
  mcause = 0x1f (Mojo-V security exception)
  mtval  = 0x03de0f2b
ERROR: failure with termination code `1'
--- Test 5 ---
INFO: KMSM contract open succeeded.
INFO: running with loaded data contract.
SUCCESS: Mojo-V data contract validated and loaded.
Decrypted data_contract_t fields:
  salt        = 0xa08e2f1e9138f969
  sig         = "Mojo-V ver. #001"
  sym_key_128 = 0xed724bfac286f7033e9a998aded176ff
  contract_sig= 0xe18c51589dde18ff
  ciphers     = 0x0000000000000000
  format_sel  = 2 (proofcarrying)
Vote tally safe disclosure demo
  ballots: 32 encrypted votes over 3 candidates
  debug: tally_A grant valid: yes
  debug: tally_B grant valid: yes
  debug: tally_C grant valid: yes
INFO: Running vote tally Mojo-V test 5...
  negative test: disclose tally_A with tampered datagrant dfhash.
ERROR: *** TRAP ***
  mcause = 0x1f (Mojo-V security exception)
  mtval  = 0x03de052b
ERROR: failure with termination code `1'
--- Test 6 ---
INFO: KMSM contract open succeeded.
INFO: running with loaded data contract.
SUCCESS: Mojo-V data contract validated and loaded.
Decrypted data_contract_t fields:
  salt        = 0xa08e2f1e9138f969
  sig         = "Mojo-V ver. #001"
  sym_key_128 = 0xed724bfac286f7033e9a998aded176ff
  contract_sig= 0xe18c51589dde18ff
  ciphers     = 0x0000000000000000
  format_sel  = 2 (proofcarrying)
Vote tally safe disclosure demo
  ballots: 32 encrypted votes over 3 candidates
  debug: tally_A grant valid: yes
  debug: tally_B grant valid: yes
  debug: tally_C grant valid: yes
INFO: Running vote tally Mojo-V test 6...
  negative test: disclose modified election tally with stale tally_A_grant.
ERROR: *** TRAP ***
  mcause = 0x1f (Mojo-V security exception)
  mtval  = 0x03de052b
ERROR: failure with termination code `1'
--- Test 7 ---
INFO: KMSM contract open succeeded.
INFO: running with loaded data contract.
SUCCESS: Mojo-V data contract validated and loaded.
Decrypted data_contract_t fields:
  salt        = 0xa08e2f1e9138f969
  sig         = "Mojo-V ver. #001"
  sym_key_128 = 0xed724bfac286f7033e9a998aded176ff
  contract_sig= 0xe18c51589dde18ff
  ciphers     = 0x0000000000000000
  format_sel  = 2 (proofcarrying)
Vote tally safe disclosure demo
  ballots: 32 encrypted votes over 3 candidates
  debug: tally_A grant valid: yes
  debug: tally_B grant valid: yes
  debug: tally_C grant valid: yes
INFO: Running vote tally Mojo-V test 7...
  negative test: disclose tally_A plus encrypted_one with tally_A_grant.
ERROR: *** TRAP ***
  mcause = 0x1f (Mojo-V security exception)
  mtval  = 0x03de052b
ERROR: failure with termination code `1'
--- Test 8 ---
INFO: KMSM contract open succeeded.
INFO: running with loaded data contract.
SUCCESS: Mojo-V data contract validated and loaded.
Decrypted data_contract_t fields:
  salt        = 0xa08e2f1e9138f969
  sig         = "Mojo-V ver. #001"
  sym_key_128 = 0xed724bfac286f7033e9a998aded176ff
  contract_sig= 0xe18c51589dde18ff
  ciphers     = 0x0000000000000000
  format_sel  = 2 (proofcarrying)
Vote tally safe disclosure demo
  ballots: 32 encrypted votes over 3 candidates
  debug: tally_A grant valid: yes
  debug: tally_B grant valid: yes
  debug: tally_C grant valid: yes
INFO: Running vote tally Mojo-V test 8...
  negative test: disclose tally_A plus immediate one with tally_A_grant.
ERROR: *** TRAP ***
  mcause = 0x1f (Mojo-V security exception)
  mtval  = 0x03de052b
ERROR: failure with termination code `1'
--- Test 9 ---
INFO: KMSM contract open succeeded.
INFO: running with loaded data contract.
SUCCESS: Mojo-V data contract validated and loaded.
Decrypted data_contract_t fields:
  salt        = 0xa08e2f1e9138f969
  sig         = "Mojo-V ver. #001"
  sym_key_128 = 0xed724bfac286f7033e9a998aded176ff
  contract_sig= 0xe18c51589dde18ff
  ciphers     = 0x0000000000000000
  format_sel  = 2 (proofcarrying)
Vote tally safe disclosure demo
  ballots: 32 encrypted votes over 3 candidates
  debug: tally_A grant valid: yes
  debug: tally_B grant valid: yes
  debug: tally_C grant valid: yes
INFO: Running vote tally Mojo-V test 9...
  negative test: disclose intermediate ballot predicate with tally_A_grant.
ERROR: *** TRAP ***
  mcause = 0x1f (Mojo-V security exception)
  mtval  = 0x03de052b
ERROR: failure with termination code `1'
