INFO: KMSM contract open succeeded.
** Running CSR[privreg] tests...
Initial mprivregcfg = 0x12, (mojov_en:f, key_valid:t, format_sel:fast, mojov_ver:1)
INFO: running with loaded data contract.
INFO: simon_key = 0x27a48e9de04eadbc5297fe6330cea7d6
SUCCESS: Mojo-V data contract validated and loaded.
Decrypted data_contract_t fields:
  salt        = 0xa1bd51183082e0ca
  sig         = "Mojo-V ver. #001"
  sym_key_128 = 0x27a48e9de04eadbc5297fe6330cea7d6
  contract_sig= 0x5d34f1ad3b2327b3
  ciphers     = 0x0000000000000000
  format_sel  = 0 (fast)
After enable, mprivregcfg = 0x13, (mojov_en:t, key_valid:t, format_sel:fast, mojov_ver:1)
DATA DUMP:
  data[   0] = 2032060776, ct =[0xbb07417786bdc48a9eebb8bded3eac17]
  data[   1] =  615236124, ct =[0x11dba6d7479ab70150aac02e2ecd959e]
  data[   2] = 2017807180, ct =[0xeca2ec936ceed1ed5bfa2e8c1d2eb122]
  data[   3] =  972168696, ct =[0x7bc54522621fb4a9a8e9818a7c369235]
  data[   4] = 1623863471, ct =[0x3e22340d0005489f5a65a69f447e63c1]
  data[   5] =  605280572, ct =[0xef003e4d2e09daa8a5b126085f747881]
  data[   6] = 1209526912, ct =[0x16d5507dc2b35ac3f797a2625e92f982]
  data[   7] =  606076108, ct =[0x899d3e6a659343659584fa7289fa3995]
  data[   8] = 1398721121, ct =[0xc6ce97df08f084bcaba5127483109e7a]
  data[   9] =  776305894, ct =[0x6bf66d4075936c07a5546278789ceba8]
  data[  10] =  535365453, ct =[0x1e733b5c5cc4bf1a8f6eeb04e24b5386]
  data[  11] =  995603468, ct =[0x4b6a8edb8e67c3185e17a2155ccde232]
  data[  12] =  272094241, ct =[0x04c4dd948ada13014a6693102217b8e4]
  data[  13] = 1622971356, ct =[0x218118c9793ddcbb2bfdab382d819365]
  data[  14] =  514825840, ct =[0x5fb0ac72742c85a7445bb595e2d7856f]
  data[  15] = 1235731124, ct =[0x7864caa1f6ac33a0206d45b8c280efcd]
  data[  16] =  588764002, ct =[0xdf8fafc610b8a87fe9c8080c475f06f7]
  data[  17] = 1263887309, ct =[0xae30f439d016c6983a066b6f4278f5a0]
  data[  18] =  770909700, ct =[0xa219024f2f0d77cac47f34b0a6814ac5]
  data[  19] =  124766229, ct =[0xec8dce8f9f61d7bd55905102f782acd6]
  data[  20] =  266106667, ct =[0x13f0aac1a69127e5fc52ae951bec99ce]
  data[  21] = 1421469273, ct =[0x33ca979e7fc4fcf2858783be0e62b52b]
  data[  22] = 1108524190, ct =[0xc58c2559b285b242b5d20a326e8d1db9]
  data[  23] =  449617425, ct =[0x358ce49cb245a18730ac5cf74b047450]
  data[  24] =  695334297, ct =[0xa01311e79e67f1ee3c61a57175d7bb01]
  data[  25] =  434246633, ct =[0x8551d8f5ffb6fcc1309da7791db1e6a3]
  data[  26] = 1796466456, ct =[0xa831a4fc36bd78995af22ad747f1d57d]
  data[  27] =  970515705, ct =[0x0c5623ee2ace02518233ad05350216bc]
  data[  28] = 1732360480, ct =[0x19f5be44869a860ed606d66349659f45]
  data[  29] = 1176415705, ct =[0x8058d424de9d68efe26028af781e2c90]
  data[  30] = 1420558369, ct =[0xed6dd7d51a37f4a7f01987c6a898374d]
  data[  31] = 1802771599, ct =[0xf8c22c0329615ba61c522d5edbf2d592]
  data[  32] = 1003478060, ct =[0x2690725a05c3b4d74ed36a1c3ce71e8b]
  data[  33] = 1783561335, ct =[0x775129b552cadffbe7a005a33ae718a7]
  data[  34] =  272049591, ct =[0x37d75e66c49349caa7f175dc627edebc]
  data[  35] =  951614618, ct =[0x14549dba2cb3e4217ffea3d35dd4018f]
  data[  36] =  232701694, ct =[0x3ecb5d0a6fbee494574d1d082d5e5142]
  data[  37] = 1246724540, ct =[0xa28458f0b7c97be37b81e06a67721015]
  data[  38] =   18097017, ct =[0x53287de28a6252c43103f29de286e6f0]
  data[  39] = 2027525011, ct =[0x2326337b765790069212192a62b116b2]
  data[  40] =  138319799, ct =[0xa82351495a078fcabe749ef550015a6e]
  data[  41] =  522362919, ct =[0x8aee6064ed1d59cfa89367d3b1753475]
  data[  42] =   43816761, ct =[0x93ca88734457387fe1baaa23156c54e9]
  data[  43] =   49663960, ct =[0xcbb258194fa7fd47070bd5421664df29]
  data[  44] = 1368965878, ct =[0xea18c5a359db202e6ce18678d997bdf4]
  data[  45] =   34638326, ct =[0x4faf73d2861798c0760fda54a43a5ea4]
  data[  46] = 1650616339, ct =[0x569c03d7f2307b71bfc5408891f4b838]
  data[  47] =  437811823, ct =[0x157ebdd63210eaf8170304d15445283a]
  data[  48] = 1440857754, ct =[0xaa3fc6c5feda84e4c124ec5222702de4]
  data[  49] = 1677488836, ct =[0x0fa471ad5cf3bd107e2c444bc9967698]
  data[  50] =  769409341, ct =[0x7a7bfac8611c85f5e2d6f8c2613ffd63]
  data[  51] =  542036234, ct =[0xbd0cd59597b228053eee9f28dc921042]
  data[  52] =   52010375, ct =[0xc7da8830a2e4c969a5d16ee4bba3fb5d]
  data[  53] = 1777719775, ct =[0x1a2aaf8f4e544ae90db6313634cc6064]
  data[  54] =  113753098, ct =[0x33d82536c0b39ec3603b7b3b6ad48696]
  data[  55] = 1643406040, ct =[0xd59ca999fb258f15829177751489b9db]
  data[  56] = 1751045125, ct =[0x3a32b6383df53dfa9833c787e714c7d2]
  data[  57] = 1420917712, ct =[0x2ea0d60ecd954639b111c39e32a71c2e]
  data[  58] = 1718789879, ct =[0x766c537cc62f88492858d6520a11fdee]
  data[  59] = 1060295336, ct =[0x9e750c5aac84847f88bc503ef4ee782f]
  data[  60] = 1817228439, ct =[0xac8df298d29fe033636f52e93934313e]
  data[  61] =  393267499, ct =[0x5681f5f721ea3bfd080aa31df3c05a57]
  data[  62] = 1712216357, ct =[0xa6170fc8f9a5fc45be1f597af2463b89]
  data[  63] = 2053829453, ct =[0x3136a7cb64339621e2308e646dff3b2a]
  data[  64] =  558557161, ct =[0xff223cd5ae8157d1f45d8362c3663a74]
  data[  65] =  963119737, ct =[0x255b941911418ad49fc3a9ff8c545842]
  data[  66] =  401838069, ct =[0x56809f1bf5960ceee807190febea0571]
  data[  67] =  939698322, ct =[0x9f6e5c6d9c02e68bc36b5c72c9278e23]
  data[  68] =  979144251, ct =[0x5699ef967cd7d594267d89f4dfb2ff1b]
  data[  69] = 1007636910, ct =[0x15fd628f6168e58c57218c9608c801d9]
  data[  70] =  947559721, ct =[0x329afefe4148d026d513c4c6f1cfd646]
  data[  71] =  875815356, ct =[0xc725ace23ffbb877bb2bb884b8147626]
  data[  72] =  923422190, ct =[0x4bb3ad9c23c6647e88922ab3d244aeb7]
  data[  73] =  403832110, ct =[0x9bacdb6d61ea941e0efa4222bdf003e8]
  data[  74] =  198654741, ct =[0x0f3ab6c1779b0a4d5f1cb34a6c62fe05]
  data[  75] = 2072323436, ct =[0xe9669172ded1933e06beb177ae1864d6]
  data[  76] =  444325613, ct =[0x3d3441af36d596dfc98981423256e3aa]
  data[  77] =  133100066, ct =[0x98b9adb6a9758f7fcda27a6e6ea34694]
  data[  78] = 1234168690, ct =[0xada700da664605f6c26bfb4bed2a896b]
  data[  79] = 1799760274, ct =[0x617c8931c1233ea056e946120f8b2e13]
  data[  80] =   79219579, ct =[0xe1bad09ca3988b23afa81af0b3224b09]
  data[  81] = 1430810197, ct =[0x14f00e594a348250cc233240460f1107]
  data[  82] =  201323408, ct =[0x60b96ba1c3f3e193fbc7552e3842f07a]
  data[  83] = 1656260777, ct =[0x70cdc89c67d9ddc6e72b5faf4ec3a5ed]
  data[  84] =   61027523, ct =[0x140c6ea0906dfc8b865683d86f6349a7]
  data[  85] =   91673131, ct =[0x7e5fe27fbeb43b7f63592614cae88545]
  data[  86] =  769098448, ct =[0xf0a76e6b7de9ac02e59ed13ae4810163]
  data[  87] =  327873336, ct =[0x8bd357ed47a8b0b8e24905bffa13d07d]
  data[  88] = 1907784133, ct =[0xb853ffee6ee482c8c20dd44b2ef21601]
  data[  89] = 1260188232, ct =[0xbb538d33f4e81dc95161f9b3d4aecc47]
  data[  90] = 1638710261, ct =[0x0195c10c9ee1690e0cc076ac89c221e4]
  data[  91] =  551166006, ct =[0x3b208f711ebe98d2883cea9a984688ba]
  data[  92] = 1527575606, ct =[0x4ccb51cbb023857f1ec1565fbeb48272]
  data[  93] =  969249597, ct =[0xd865da8160b96122ccff06937c3fe830]
  data[  94] =  917429646, ct =[0xbaf2aa276e6024747868ab88f7a62832]
  data[  95] =  434909659, ct =[0x9a8ceb89ef14f5a6f1a710af5dd2c78b]
  data[  96] =  961456134, ct =[0xcd28d992745210bcacad6f7b094a74dd]
  data[  97] =  164300342, ct =[0xd3df3c84fc3a7e7bf16f6f076ff3eb52]
  data[  98] = 1155448068, ct =[0x19247fe6c821dd5ea107de120ac290d2]
  data[  99] = 1087705622, ct =[0x84e2fe205b84c0f2ccf8fc12b212e801]
  data[ 100] = 1329087426, ct =[0x18c073af6e80f3015e65f30694de50cd]
  data[ 101] = 1783782943, ct =[0xf9f9f22b11c2a6c9dff6e1cf26780d27]
  data[ 102] =  855872297, ct =[0x67b59eeea7c93babb97f343a391f4cba]
  data[ 103] = 1234386624, ct =[0x342c321984789996c82ca04968c9028a]
  data[ 104] = 1359013739, ct =[0xe5d7153e9c7f72e9c9acf006e86a5d79]
  data[ 105] = 1406039206, ct =[0xf373b6a166eff727cee47a01b38f9067]
  data[ 106] =  614841790, ct =[0x35ddce87ed9b5143e8f7d68c2ad30d72]
  data[ 107] = 1909791124, ct =[0xe4835a4da2bc5072550988bd8925851a]
  data[ 108] =  419638653, ct =[0x4d01ca8b951e7dfeebe24343672340cd]
  data[ 109] =  808168317, ct =[0x21926bad8b6bc7b4053038c8fed3e8d2]
  data[ 110] = 1687105730, ct =[0x3fc6f91a3828111d5d9dcffe3c16bc02]
  data[ 111] = 1089830115, ct =[0x23c0f8c77ff1d0c0218fa640de743f4e]
  data[ 112] =  206625583, ct =[0xb3e1b368c51fee3e662b43c9a24139e2]
  data[ 113] =  548522986, ct =[0x411683bf303eb0abc84923a72cefa449]
  data[ 114] =  280158986, ct =[0x0ba1ada99f14ff1d13a95613a8fe17f4]
  data[ 115] =  510869993, ct =[0x61d8295591de1045128503efb2db25c1]
  data[ 116] = 1234661697, ct =[0x4b04172faf303f852802fd191c5f3ef4]
  data[ 117] =  425916093, ct =[0xf61431f450a00fc8d02bb575f0b16575]
  data[ 118] =  557489952, ct =[0x7222423cf0d85605ea0d78ea28476afc]
  data[ 119] =  921786668, ct =[0x18229d8d34d1c40bd7e22956deb6bbf7]
  data[ 120] =  546426952, ct =[0x123398fab4863c33c55e2b1f3cd4d32f]
  data[ 121] = 2109397741, ct =[0x021b301f802756809ae66e6f51014805]
  data[ 122] = 1389122708, ct =[0x322439db5cabbb22c6b2981b49dd820d]
  data[ 123] = 1568319821, ct =[0x10f6eb552c4f13b1cae322ec47ef768a]
  data[ 124] =  365570830, ct =[0x765ab0be5164377722fdaf820f5f54e2]
  data[ 125] =  113643365, ct =[0x66bd08ca08dd31017462d6e237a81fce]
  data[ 126] = 1710225514, ct =[0x43418546c07ac8c0936ac8ef5039b850]
  data[ 127] = 1047951178, ct =[0x02caf50c22f3dadd1bccff9ef361e47d]
  data[ 128] = 1299889762, ct =[0xf732c6aa1f3f3b05f62b0c6799e27b5d]
  data[ 129] =  288794446, ct =[0x4ee6556e46b18890f4f56ebf98ad31a2]
  data[ 130] = 1826661969, ct =[0xca7337675de5b388a338c59c69515c33]
  data[ 131] = 1089337673, ct =[0xb039c956654a3743c398c3203d6dfe06]
  data[ 132] = 1339213488, ct =[0x8b8c8ae81a35b3f95e2ba1ae9dbde158]
  data[ 133] = 2037991625, ct =[0xa178ba136fcf1da38d95d94256075dfa]
  data[ 134] =  673613316, ct =[0xbb8a60bab0c5d4eb7a3f3c3b3dad3915]
  data[ 135] = 1257568216, ct =[0xa39341b52a7cc86f9ca40b85f3cf3a6e]
  data[ 136] =  247982454, ct =[0x29c7706e6722f2f8886439b545d75f7a]
  data[ 137] = 1701066045, ct =[0x693efa6f616defcbbe5fb4c9fb1e4733]
  data[ 138] =   46953856, ct =[0xbb73100cb98f0bd5fd8c04a3df6078e9]
  data[ 139] = 1430009653, ct =[0x8e8de5292919e13c6e6b4289d08a803e]
  data[ 140] =  971987409, ct =[0xf29139ad7d2be929add2a9c19df5bd97]
  data[ 141] =  590526013, ct =[0x5080971798be75efb9f8b404c9fa1aa9]
  data[ 142] = 1738658012, ct =[0x5ab476245fd02bf3e46c06991b4e6932]
  data[ 143] =  807123800, ct =[0x95e5cbbcf6d6a7a3b8686758e945dd61]
  data[ 144] = 1428038048, ct =[0x4949678e082966290a1b6a550c98d409]
  data[ 145] = 2125459910, ct =[0xe27eedaa02a5191b2539242c864cf74c]
  data[ 146] =  685256755, ct =[0xf800e300a3f006edb27eae105f877f7a]
  data[ 147] =  626233423, ct =[0x8a0b17aff9bec33595eff3da1e1662a9]
  data[ 148] =  212460003, ct =[0xa49c16b09f72a472894cb9d651a529a3]
  data[ 149] = 1145529189, ct =[0xc6d3e514c4cd9c901990e745e248de4e]
  data[ 150] = 1379632534, ct =[0x2126142559589da8f786fce4e9a83c26]
  data[ 151] =  141700270, ct =[0x5aa8e96a951a179adaccc03c23f649d2]
  data[ 152] =  645822441, ct =[0x8be4b0b52deff708755309b19c8a1f58]
  data[ 153] =  477090796, ct =[0x2b32efc82b52911e47cba45f31e366e6]
  data[ 154] = 2133339313, ct =[0x434ea21d8638a6694cd40a5fbc29acd9]
  data[ 155] = 2145836301, ct =[0xd85788f21da2b4975f9cf59391f7f641]
  data[ 156] =  138128809, ct =[0xb21396871f03f96a67f25e125bd15bdb]
  data[ 157] =  334442962, ct =[0xf83f021a6dfd7e0e5e8756e9425d521f]
  data[ 158] = 1984441864, ct =[0x583b75ecae210c4a7a1da7fd614a4f8c]
  data[ 159] =  963422476, ct =[0x4bf55fc7a59e114b599344bc42a7d38e]
  data[ 160] = 1855266261, ct =[0xa12463fec51409355e77649a79e1e44a]
  data[ 161] = 1103127905, ct =[0xf5f395fb37f24979ba8ff6afdba2d268]
  data[ 162] =   92690736, ct =[0x07aa879094e84f9bf94381866fea7198]
  data[ 163] =  404385484, ct =[0x1e7369ec2f130d708062ac5594f521bf]
  data[ 164] = 1323012705, ct =[0x051a64afec82d639d3574be12fe8650b]
  data[ 165] = 1447977771, ct =[0xf09152c128c0ba503a3560237bc4f2ac]
  data[ 166] =  759159232, ct =[0x9f33c638d48e5ff518762f4577c3a59f]
  data[ 167] =  133702991, ct =[0xc0d4386fc1ca0051e01deac5a8cf1e1d]
  data[ 168] =  378036416, ct =[0x000cd5cb6b5380859d29aa8ddf77b984]
  data[ 169] = 1209910798, ct =[0x0b8db93c13f60e42843de9d0a545f73f]
  data[ 170] =  622217318, ct =[0x8180849af2dc91e59342dfa24f4e36a2]
  data[ 171] = 1101440798, ct =[0x2407fa6d40596119a77dccbb2d9a9cf3]
  data[ 172] = 1905486595, ct =[0x4856695c5455711b796d1cda4b3d7564]
  data[ 173] =   95446952, ct =[0xffc08b916a428fadc22d4074e5fe1a2b]
  data[ 174] = 2110578116, ct =[0x352196062ed6652ea989a2e51f289e5d]
  data[ 175] = 1120015008, ct =[0xee07417cf872ac5c7d88fdffc0d0e857]
  data[ 176] =  337277123, ct =[0x7218b4f757d5ece2ac4cbbbe0ad6404e]
  data[ 177] = 1425238041, ct =[0xee7dfb12211f1dae2eec9941e1a49950]
  data[ 178] =  518505999, ct =[0x980df7f472e121e1121e8e44abc0fdf5]
  data[ 179] =  493139740, ct =[0xebe5256d93effdc2f3955d94cb8cd921]
  data[ 180] = 2032568283, ct =[0xf69c9a39cbbd7dedec7fdd19843319ed]
  data[ 181] = 1576772508, ct =[0xbbe76e30657e222de5463dddfaaa4936]
  data[ 182] =  129634050, ct =[0xa589b9ccd990c55e470f1c5800103f4e]
  data[ 183] =  341826509, ct =[0xe2bb5002d2d80681dccdc08983c9dd67]
  data[ 184] = 1147205439, ct =[0xe03c6707ad813571bba53e5161b9d52f]
  data[ 185] = 1289321942, ct =[0x007bf1eda86a1da20f88d51226b243c2]
  data[ 186] = 1192189316, ct =[0xd55155228991afbda9a07c3b7ed8b7a1]
  data[ 187] =  300105622, ct =[0xd9d6a71cec3b3d9dd3123654b30e2068]
  data[ 188] =  908053290, ct =[0x78a673b9eb3c9dd2d75bc633b0dbae95]
  data[ 189] =   52528500, ct =[0x1c2d351942bdb5b8151fb8e4270bdab9]
  data[ 190] = 1929070141, ct =[0x711585516cca786ad9ff5f3cbdf270a7]
  data[ 191] =  225880642, ct =[0x87b1035baeb17d24a4bfdc7e4392a260]
  data[ 192] = 1012122745, ct =[0x02972810993cd3a34cb8d1e6b1a95e7b]
  data[ 193] = 1461076850, ct =[0x5c00d57d9d84a230e38a3d3172cd93b7]
  data[ 194] = 1486504159, ct =[0xdb70db83261372a6d3fa51cb09e38ad9]
  data[ 195] = 1593506036, ct =[0x2f56cde4bd3ca658e83235882f5603ac]
  data[ 196] = 1420725314, ct =[0xad761127e37097719a481a5c5910eec4]
  data[ 197] = 1982954693, ct =[0x8b213bad586838db2a866d1244f4aa45]
  data[ 198] = 1476352818, ct =[0x549a5f6b15e8df28c7267065b5494e32]
  data[ 199] = 1934076802, ct =[0x390a32d494b888831fbf92b13d97f40c]
  data[ 200] = 1318581262, ct =[0x57e34d6ad38c7bc8553ef13395d38db7]
  data[ 201] = 2108132720, ct =[0x3777ef9bf88117b9674c3cee0ffc5a7b]
  data[ 202] =   45622479, ct =[0xc371cd8839f15dae305eceb33a694c61]
  data[ 203] = 1712997292, ct =[0x3e56f2c3d83301ed3d9d96e2d311052c]
  data[ 204] =  597425142, ct =[0xf00d5f3ab9c6de8020c46acc10b087aa]
  data[ 205] =  345633785, ct =[0x672b15b12ab6aeba05c0f4e87d878a24]
  data[ 206] =  607401594, ct =[0x0c342db04134b948066ab7cfe40ad7ea]
  data[ 207] = 1901726176, ct =[0x94a85f0432536e132b3ebc3f6a4fefef]
  data[ 208] = 1318176750, ct =[0x445134e67b0b22b6bc6e8f1bc8695149]
  data[ 209] =  371710231, ct =[0x29232b7b1d41783b42246de5a2a4a26b]
  data[ 210] = 1508006009, ct =[0xd15c610fc9eb535356be42d6ae737785]
  data[ 211] =  460142871, ct =[0xdbb1da31b9565135847597b5d20a69f2]
  data[ 212] = 1834123908, ct =[0xf7e520e0ab4ca264c0147c3d77a5bafd]
  data[ 213] =  329711405, ct =[0x0428239c0a2645818a962f9ffea1cdda]
  data[ 214] = 2085111990, ct =[0xd65c3508ff120a1f4c6e5b8960a9c526]
  data[ 215] = 1335721029, ct =[0x5eb16d712164d7178fb57336372dfc27]
  data[ 216] =  673055094, ct =[0x0a35aed4d8169c517e96e01c1a4da6f1]
  data[ 217] = 1222910985, ct =[0x120ddfbd65f43794cbe845c562da6ee9]
  data[ 218] = 1179644719, ct =[0xb09c046257be676a7d54857fadcd3140]
  data[ 219] = 1270895212, ct =[0x31794bfb3e88ea4f1d4ef9ab514a3e22]
  data[ 220] =  119088501, ct =[0x9d6310e7a450a4d4014cb8f474698689]
  data[ 221] =  570939534, ct =[0xf93f6bbe9c89548ff238ea5695461393]
  data[ 222] =  964429377, ct =[0xcb95323b1ccf1970898f0ad2ed3859d3]
  data[ 223] = 1673132053, ct =[0x9cb90a34ef81ffb38107106630675c1e]
  data[ 224] = 1272538162, ct =[0xbece67aae52e18830e60d2241add2a61]
  data[ 225] =  233428831, ct =[0x19e75ff5cccc8131f4570e0f1aec5bb1]
  data[ 226] =  855894051, ct =[0xbe8c2d8846ea7b05281df28965e6b067]
  data[ 227] = 2026224004, ct =[0x9d3e441c335deb1fcfa81077e2ecc806]
  data[ 228] = 2123974327, ct =[0x57af4b68bc9c9c78b438af2bbeec53e7]
  data[ 229] = 1166254323, ct =[0x5aff5e9c82dd5fa60a9b2aaf172cc1bf]
  data[ 230] = 1913020820, ct =[0xdad1a4c74c893c4528e34fe7115c75eb]
  data[ 231] = 1444814733, ct =[0xbf8579ece11da7cc7122a605a86ef8df]
  data[ 232] = 1023783643, ct =[0x8c92a2b73de945e5f509bf7b9d11633f]
  data[ 233] =  530702738, ct =[0xd6dabe176346d2ffebfc320cea23718c]
  data[ 234] = 1716772532, ct =[0xa930b2fccb2dd49e3b834a89a415760a]
  data[ 235] =    2863982, ct =[0x8d2de26ccfca9a6e5a94aa7e0d2845d3]
  data[ 236] = 1200596575, ct =[0xa000b109d606a0a1f35d46894849e7ac]
  data[ 237] = 1078979908, ct =[0xaa2a560cbae5515667ab1cf1c6712f5b]
  data[ 238] = 1056892541, ct =[0x0039e63f1fb9832680c0f84463a8479a]
  data[ 239] =  575596251, ct =[0x2ff17a8e1f4544bdc8d09f96df0f0e09]
  data[ 240] = 1583168389, ct =[0xa76bac1845da3df4e2abbd027e4279f5]
  data[ 241] = 1666858339, ct =[0x2d84717281e3b70f91ab1cafd0315416]
  data[ 242] = 2069512245, ct =[0x82600e8e0feabd958ac80f9a807ddc32]
  data[ 243] =  233003554, ct =[0x596e51e33162c86cf87a88d0e4fee3b5]
  data[ 244] =   22418659, ct =[0x633aa54dd101b0ed08c58f7a06dec8f0]
  data[ 245] =  634270322, ct =[0x2b36837f274d519cb45d186101f68af5]
  data[ 246] =  724267553, ct =[0xcff6b5a7835fc1edf253e73fd8c153ce]
  data[ 247] =  496283684, ct =[0x1b7f141abdc056bfea7f44b5a48f387b]
  data[ 248] =  772439996, ct =[0xeb9a33ec3c61059bfd3e849cf7551f9f]
  data[ 249] =  302138097, ct =[0xee4e97d7c2a65d9308e02b060c7cb468]
  data[ 250] = 1796081714, ct =[0x14e67fbc6ac220d982f55cc3482a0337]
  data[ 251] = 1211613084, ct =[0x9d99e2d17760b4fd34c6f5bcc7e20e14]
  data[ 252] =  297561634, ct =[0x2119c7f06ada04506721fd253e30782c]
  data[ 253] = 1241618063, ct =[0xf9422f0c66be864a8fb3b621713ef2da]
  data[ 254] =  514462864, ct =[0x237441f1d0ed957de1cdb08e7bccec68]
  data[ 255] = 1726956146, ct =[0xf999bd82c782bfbf957d515349360922]
DATA DUMP:
  data[   0] =    2863982, ct =[0x6e7f15c839f571a6b177bfb80edc78a2]
  data[   1] =   18097017, ct =[0x7889e24058237921f4c446fc75228748]
  data[   2] =   22418659, ct =[0xc29eaf3541f918b7f5e7204af740853f]
  data[   3] =   34638326, ct =[0xe7f6b2bc09e2f10c7fef3736cc73cb37]
  data[   4] =   43816761, ct =[0x54ba29465e07d3b5b6a144f34fc1903b]
  data[   5] =   45622479, ct =[0x3af321927b8577cda02fc570e3b91853]
  data[   6] =   46953856, ct =[0xc1e3c389cda2cd654f37ceec97bde2e9]
  data[   7] =   49663960, ct =[0xeef6687a7b7f46484bb78156e6fa7722]
  data[   8] =   52010375, ct =[0xaa39d74031c62e8c6fe7d7d9e3790864]
  data[   9] =   52528500, ct =[0x7a0e11319fbd755aaf6755df666773dc]
  data[  10] =   61027523, ct =[0x976f6b34ae31d7c3568c46e0acb68e76]
  data[  11] =   79219579, ct =[0x2687917873734a87477d7fe0c96d9615]
  data[  12] =   91673131, ct =[0x52b43f8720fe4a43cf504f4e5e315e71]
  data[  13] =   92690736, ct =[0xd31facfde1f92aa7d77e313780a05068]
  data[  14] =   95446952, ct =[0xdade47d0c4808528bd8cd57662e55948]
  data[  15] =  113643365, ct =[0xa1e2877721be9b25e9fee794e9b8714d]
  data[  16] =  113753098, ct =[0x3bd3132f9d48c7795662ddc224ad00af]
  data[  17] =  119088501, ct =[0x552e58b5be33350b15873102a5d23354]
  data[  18] =  124766229, ct =[0x70ad77e6b8075472dbe08fa29403783a]
  data[  19] =  129634050, ct =[0x891acb6c3e140d0e2daa4dfb6c40bdc1]
  data[  20] =  133100066, ct =[0xb0863b5e1ae8464a19159d5a1f79e598]
  data[  21] =  133702991, ct =[0xb66aff3e3ca437ab2dba7a40c985f9cd]
  data[  22] =  138128809, ct =[0xe1e8b0bc158021190aec9b50f6c2ddb5]
  data[  23] =  138319799, ct =[0x8c33fcfa812f3b1fd2d861e5f2c0063a]
  data[  24] =  141700270, ct =[0xea4b21cc2c7df42405ecb249aff50144]
  data[  25] =  164300342, ct =[0xd057b64d723a145926b5a6d03abe14fd]
  data[  26] =  198654741, ct =[0xe8fb6fab87fbca2fcad04173867abd2b]
  data[  27] =  201323408, ct =[0x4fd05480489da1d3be3c345b11b7a25d]
  data[  28] =  206625583, ct =[0xef9f674a9287082a395269bcee4a10f6]
  data[  29] =  212460003, ct =[0x682747b6ff45a29df616023076ef217f]
  data[  30] =  225880642, ct =[0xe7ac111c7774a8e9e8990171c645cd97]
  data[  31] =  232701694, ct =[0x9388e5e6b086732fda4913d5baa60a3e]
  data[  32] =  233003554, ct =[0xd60761f2f309ce2b041400708f384c26]
  data[  33] =  233428831, ct =[0xf9e106b3bc0c8bf4136d10e26105e5d2]
  data[  34] =  247982454, ct =[0x255f8de252e50fba8bfac1f77d00bb30]
  data[  35] =  266106667, ct =[0x42d88eda035f553a452615b8e9bf8d28]
  data[  36] =  272049591, ct =[0xced0c08e9031ef3e5d77ce5b2e30617a]
  data[  37] =  272094241, ct =[0x88bea5911b45e15b48d5b2751045c650]
  data[  38] =  280158986, ct =[0x132fd3c95caea5b13e5a9010a58af75e]
  data[  39] =  288794446, ct =[0x94f96cd7ad1162b552251d78788af28d]
  data[  40] =  297561634, ct =[0xe942f1a504498f422da87b5ed348ac8e]
  data[  41] =  300105622, ct =[0x3b4346c9c131d3facf44070214599a49]
  data[  42] =  302138097, ct =[0xa94db67d389d579ef370d949499b68aa]
  data[  43] =  327873336, ct =[0x8a083654269420f5d34da7a507c1b6e9]
  data[  44] =  329711405, ct =[0xd993635e7061f0e41ae748a15dcfa8fc]
  data[  45] =  334442962, ct =[0x1679499675897d6875b5d32eada76a9a]
  data[  46] =  337277123, ct =[0xc0f1f20b87bbedbd1b0dc5314570d006]
  data[  47] =  341826509, ct =[0x3e980e6299b49b649b76a70fef9c2086]
  data[  48] =  345633785, ct =[0x78026d08cfd5da7a8f420118b098bd03]
  data[  49] =  365570830, ct =[0x38d285acb26b7cfc2562bfe24b017574]
  data[  50] =  371710231, ct =[0x50c488e6d7d21574af1593194249631b]
  data[  51] =  378036416, ct =[0x5e0e8c88c0fcd73d5a4e469e84407648]
  data[  52] =  393267499, ct =[0xdce8634392fd6c4fabcc0cf33177c4a2]
  data[  53] =  401838069, ct =[0x1b04d90ee69efe3d6e68641d30e09808]
  data[  54] =  403832110, ct =[0x95e12c93c0e5bb18b18296d8a7709692]
  data[  55] =  404385484, ct =[0xd56c6fdb97321bce98f2d2bd5dac02b2]
  data[  56] =  419638653, ct =[0x1a553d2bfc1c018f20c103d3b5539439]
  data[  57] =  425916093, ct =[0x96e27598a75e9972a3618c0466f2bd8c]
  data[  58] =  434246633, ct =[0xd7c5cce2e471babd1c38527b230d97f8]
  data[  59] =  434909659, ct =[0x4089d2de4d3cbc09f386b080518ba39c]
  data[  60] =  437811823, ct =[0x203858dd64c534ba3498c7d221637a9e]
  data[  61] =  444325613, ct =[0xe05724298f80b3f3a67616649cc72c0c]
  data[  62] =  449617425, ct =[0xec42b7656c2303160c732c193c09d987]
  data[  63] =  460142871, ct =[0xc35341094c2d1abea9781b86065ebfb2]
  data[  64] =  477090796, ct =[0xb7dd977a1f8ae6e3a832ad9a6ce4b5c8]
  data[  65] =  493139740, ct =[0x28ac1307d785c49abe01681e65b7749f]
  data[  66] =  496283684, ct =[0x1e4c69b5e42d40f45bae1f0af374352d]
  data[  67] =  510869993, ct =[0x7b45a8bf7bf4cdac9b27f0ddb557517a]
  data[  68] =  514462864, ct =[0x648c3e51fae4348ce7218af4e5b15e46]
  data[  69] =  514825840, ct =[0x9d5ba9f399565511441b819a3b68f39f]
  data[  70] =  518505999, ct =[0x0ae83d4f554a6ac3a0d53eaec8db4719]
  data[  71] =  522362919, ct =[0xf149273319d75678a4621afd99d5b7d4]
  data[  72] =  530702738, ct =[0x4356809f9b00596494521e185a141086]
  data[  73] =  535365453, ct =[0xb7384f7ac8e9129a3cb61ad94e13ece0]
  data[  74] =  542036234, ct =[0xd424f5050310e1599b9e9b5dd6fe41b9]
  data[  75] =  546426952, ct =[0xd9d2a3edd3da92e3078c4c382ef62b3d]
  data[  76] =  548522986, ct =[0xf7d7c52f6c07b8be8e34a9c517182bab]
  data[  77] =  551166006, ct =[0x795ae1e78e92f0dcd927f94423658d3f]
  data[  78] =  557489952, ct =[0x94bff46727634972cb7e7ce14f9dc51b]
  data[  79] =  558557161, ct =[0x1a5cdc9bdca881570ceb7c4cdf5b7af8]
  data[  80] =  570939534, ct =[0x85f3754c9a4c42de2bd8ec9056564179]
  data[  81] =  575596251, ct =[0xdc37e4cbc41ec1702119e2f25df40de8]
  data[  82] =  588764002, ct =[0x31c4147120fde0e007a5e6c0bd5a5f89]
  data[  83] =  590526013, ct =[0x9134514c457338b4313203a6536a8b74]
  data[  84] =  597425142, ct =[0x2ace5255967b7c9da848ded28b9cb52c]
  data[  85] =  605280572, ct =[0xfcb167583fad82b75f9a340b5c06f73a]
  data[  86] =  606076108, ct =[0xb8863482ae8ba33575cd6537f4baabaf]
  data[  87] =  607401594, ct =[0xc498bda89294e13223e298ab16bf5f35]
  data[  88] =  614841790, ct =[0x20c50953eae452a625b1da62aff67da0]
  data[  89] =  615236124, ct =[0x9caeee516e367e05c1371254993f962c]
  data[  90] =  622217318, ct =[0xb8e89804f9e68bf7030f5de6b063793e]
  data[  91] =  626233423, ct =[0xf1325a935afbc29530f9bd2798b58596]
  data[  92] =  634270322, ct =[0x9ed4205067bca949834f6dd48833b794]
  data[  93] =  645822441, ct =[0x831c91cd821e6e5a7ec0a9116b8c91bc]
  data[  94] =  673055094, ct =[0xdc90f0f713820d708d53500ebf07e91a]
  data[  95] =  673613316, ct =[0x6dc2e25cbc02e423b1d56dfa14550f96]
  data[  96] =  685256755, ct =[0x396a5ccecd4610fd5d450cc8fb3b3d5e]
  data[  97] =  695334297, ct =[0xcfccfc43428805f37f6b076118ac4c84]
  data[  98] =  724267553, ct =[0xebcd7564ce6ade711cb51eb45f1b5c51]
  data[  99] =  759159232, ct =[0x4954faef47c97a4aadcc860306392c5b]
  data[ 100] =  769098448, ct =[0x53145ef99f6da8e56eef6790553c9ff1]
  data[ 101] =  769409341, ct =[0x2caa1b62ff2b136d39a36d607256a925]
  data[ 102] =  770909700, ct =[0x80c3a9e585a0c581d58863496e9e9be9]
  data[ 103] =  772439996, ct =[0x351a96dbc9823d5b39d9bbbd18039893]
  data[ 104] =  776305894, ct =[0x09ce7713774fe0bbbb4c9d95ce2d9906]
  data[ 105] =  807123800, ct =[0x02b4bf709820a2445b5ecd9d2862ca8b]
  data[ 106] =  808168317, ct =[0xa597063e00b4f4f87a04f0691a163de4]
  data[ 107] =  855872297, ct =[0x16b27b975899c78b630544d388c5a0e7]
  data[ 108] =  855894051, ct =[0x184eebb145f85383bcb959141efc1870]
  data[ 109] =  875815356, ct =[0x98e5622e3c34b5e7fcb88f1af5d9e2c8]
  data[ 110] =  908053290, ct =[0xb007af9de6b4f5a39f8cacd66443592f]
  data[ 111] =  917429646, ct =[0x29872ef32afa1ccb9cb0e7ceb617b970]
  data[ 112] =  921786668, ct =[0xf082f6e7ea503e344748bb61866061e3]
  data[ 113] =  923422190, ct =[0x2f5359243d01ff1193cea91a0107cd3d]
  data[ 114] =  939698322, ct =[0xcb8c376b5a0c0e29573e43ab14ed8e8a]
  data[ 115] =  947559721, ct =[0x1eb221fc83f518b5e5745d60b7d92101]
  data[ 116] =  951614618, ct =[0xd6d15f49de0edf5507ff46ca5cdf10f9]
  data[ 117] =  961456134, ct =[0xeca3591cf5c91c084ecc99860f381754]
  data[ 118] =  963119737, ct =[0x5daf993ee0f839e9d519865b04b29a9f]
  data[ 119] =  963422476, ct =[0x83dd71b64f20cf263d281b1dc6c26d91]
  data[ 120] =  964429377, ct =[0x68738728f603c2a4a493466eed8b9b1a]
  data[ 121] =  969249597, ct =[0x63f92fb2a92ae1ffd154ed07a4f0eaba]
  data[ 122] =  970515705, ct =[0x904f52d6f39893c528c2ef3a1dce2bed]
  data[ 123] =  971987409, ct =[0x825de4c310870344297c7fce6219c7c3]
  data[ 124] =  972168696, ct =[0xd0074240af3fa4e61415331510bb9ed5]
  data[ 125] =  979144251, ct =[0x055919b545ea0cd563bdec3c1d9a5e2f]
  data[ 126] =  995603468, ct =[0x4b507daad4fcfdae47f3e5bbddf6f6f1]
  data[ 127] = 1003478060, ct =[0xaa0c143293aca285636167e7568c2153]
  data[ 128] = 1007636910, ct =[0x23795ea762e2915b2ee0fdbf52a6a812]
  data[ 129] = 1012122745, ct =[0x1592418f1c0fc2f52e4f969f6956f166]
  data[ 130] = 1023783643, ct =[0x358bc1c362da3d9b37ecd0539da57250]
  data[ 131] = 1047951178, ct =[0xa23dd435a5caabb6502de76249d0bc4e]
  data[ 132] = 1056892541, ct =[0x48c78bfa48e5bdc65b08af051a8c651a]
  data[ 133] = 1060295336, ct =[0x359438cc9a2ad610bbf6f47ecb46f6c3]
  data[ 134] = 1078979908, ct =[0xf08cec95f6f0983c37757834d32b46e9]
  data[ 135] = 1087705622, ct =[0x8fd4a2c5076da2f3235b6458b5e2bcc0]
  data[ 136] = 1089337673, ct =[0xe8b68492d40ccaf36f81bb0b484aa090]
  data[ 137] = 1089830115, ct =[0xe2905de2e22f5f9ec3c65eab093d429f]
  data[ 138] = 1101440798, ct =[0x1cde40066d29d7c9f3d23066b2485d7a]
  data[ 139] = 1103127905, ct =[0x3f444db4b01e0790bb29e5fe376fdde2]
  data[ 140] = 1108524190, ct =[0xba240b49e3c49a2bb9933cfc6ad24235]
  data[ 141] = 1120015008, ct =[0x7918bfab2bcf351c78e0b3ab92c67043]
  data[ 142] = 1145529189, ct =[0x0b04034faa64989bbe078d7d442b8d25]
  data[ 143] = 1147205439, ct =[0x81466fdc2aa67dc4b5f78ae4a7e59c5f]
  data[ 144] = 1155448068, ct =[0xafc7409d8737658a31418519a1bdd61e]
  data[ 145] = 1166254323, ct =[0xb1d025dcff8f387c6a4961e17123d8a4]
  data[ 146] = 1176415705, ct =[0x91ba3df1a4843960324969409d1e15f7]
  data[ 147] = 1179644719, ct =[0x7521b59eab434b64c70882a196e10919]
  data[ 148] = 1192189316, ct =[0xe2376ae8c5f78f6f5cffbf273e60bf8f]
  data[ 149] = 1200596575, ct =[0x49c288c966cc3b82534d2c3c988b1fae]
  data[ 150] = 1209526912, ct =[0x332d9ae8e055658d9d40eebfff4d8a6e]
  data[ 151] = 1209910798, ct =[0x3c9342c3a5465d363726911864e7116f]
  data[ 152] = 1211613084, ct =[0x081a1218fc10b8d8d8280af813530c87]
  data[ 153] = 1222910985, ct =[0x5d1073ca8c9bf62a428d603cbceb18e7]
  data[ 154] = 1234168690, ct =[0xca77d7c14f509a0f42696454d0cdd7e0]
  data[ 155] = 1234386624, ct =[0x7bf3d7b3276f8e04d4d67b7cb835e5f6]
  data[ 156] = 1234661697, ct =[0x0f9acc27ea90dab7a991d2bcd0bf789b]
  data[ 157] = 1235731124, ct =[0x390035abe6472c63e08b175e6d420381]
  data[ 158] = 1241618063, ct =[0xffe6098a254cef03f16d52e3b8fa39eb]
  data[ 159] = 1246724540, ct =[0x6c6e6e1e72d6ef411fc10997e994941f]
  data[ 160] = 1257568216, ct =[0xdb7cb138a36771f1167d68ee60861226]
  data[ 161] = 1260188232, ct =[0xda05da7c416d1c2ce9077d703f7ae544]
  data[ 162] = 1263887309, ct =[0xd2cd8b36e71a0a7590ed5f8c0ffd8ee9]
  data[ 163] = 1270895212, ct =[0x1e5bf97ab0be77a1f4e3418fd47fae9a]
  data[ 164] = 1272538162, ct =[0xe80a6f66937b074a98b7c5fdb667a7c9]
  data[ 165] = 1289321942, ct =[0x7144fc712aee559e91556055161eaa6d]
  data[ 166] = 1299889762, ct =[0x95c283bc7ea3789c3cf2ac8508ae8e59]
  data[ 167] = 1318176750, ct =[0xaee3e70c7f9c8e2d739c78de9d547cd5]
  data[ 168] = 1318581262, ct =[0x7a0af58cab6ecf2b6aa7297e5b82c1a9]
  data[ 169] = 1323012705, ct =[0x25b12d917b00c145ccd524036a104925]
  data[ 170] = 1329087426, ct =[0xa7e17be0a9a7589abe65ecc4440ced06]
  data[ 171] = 1335721029, ct =[0xade0c5b166492a558eb3a1bf03c2961c]
  data[ 172] = 1339213488, ct =[0x44665c1a85a3a0e3a2fbb36ec7dd7f5f]
  data[ 173] = 1359013739, ct =[0x3084a48a78271128f60b9ad3b77daab3]
  data[ 174] = 1368965878, ct =[0x4aa4e57ee19bf186b5b53038fdc0e1ac]
  data[ 175] = 1379632534, ct =[0x8fe36ff959d9aadbe2a545edd30050e4]
  data[ 176] = 1389122708, ct =[0x796602eb492b525d72d09b6a5d0edf92]
  data[ 177] = 1398721121, ct =[0x312ab6eac6dfc43baa4f40e27ce54d99]
  data[ 178] = 1406039206, ct =[0x051d0eda97a988452a9c2fe5a03c0b64]
  data[ 179] = 1420558369, ct =[0x227d456452f0e79cc3c7e5a91b036f3e]
  data[ 180] = 1420725314, ct =[0x9b95c4e84c7b4e3866ef1d902c8cff2f]
  data[ 181] = 1420917712, ct =[0x5864731c10a9818e4c7de9313fcf42fd]
  data[ 182] = 1421469273, ct =[0xec637b130f005a45618c0b66654ee9ba]
  data[ 183] = 1425238041, ct =[0x936342cf2a83d6fa0c2823967c6ac27c]
  data[ 184] = 1428038048, ct =[0xaba070c466751487fb99a88461578d0e]
  data[ 185] = 1430009653, ct =[0xc1ec293a938b6261408fc6d52ea876e5]
  data[ 186] = 1430810197, ct =[0xe8d20253cd9c2ee4e69881477cf965cc]
  data[ 187] = 1440857754, ct =[0x80924cbb63f310c4d7f596f86eb8efe6]
  data[ 188] = 1444814733, ct =[0x499ca2bed5f581096a5a3d24001453aa]
  data[ 189] = 1447977771, ct =[0x9a34db8f3e03980a3450a0a4a4c0788e]
  data[ 190] = 1461076850, ct =[0x4960d02f9b2ea025245b9f231972bbef]
  data[ 191] = 1476352818, ct =[0x29af30b8a39e26a33a6fe25981a3bf26]
  data[ 192] = 1486504159, ct =[0x15d55f989f55942bfa22b00e33d22eb9]
  data[ 193] = 1508006009, ct =[0xf5f6af496b36eb0f1b71ce3d7dc48123]
  data[ 194] = 1527575606, ct =[0xc5853cd8195997931c73d6de0cd6ccb9]
  data[ 195] = 1568319821, ct =[0xcc1e7d39d37df7b9cf1ae87994f39585]
  data[ 196] = 1576772508, ct =[0x4cd0d6863c068a1afffff587144064c3]
  data[ 197] = 1583168389, ct =[0x7b6b7f981b24a9c667c37739029d955b]
  data[ 198] = 1593506036, ct =[0x9ff6a66cbda1aec1a9807829d4c65ddc]
  data[ 199] = 1622971356, ct =[0x86450f7ec36f218a349688562b76ee87]
  data[ 200] = 1623863471, ct =[0x49b6c99a3432eceb2c365fc4a1c9679a]
  data[ 201] = 1638710261, ct =[0xb394514daa75d82b1f0ee580a76d2ce3]
  data[ 202] = 1643406040, ct =[0x23654c8e85465020bab521a66ecdaeee]
  data[ 203] = 1650616339, ct =[0x02eea533e9c8619282b4430df3ef1344]
  data[ 204] = 1656260777, ct =[0xe707180d235c953c99d87c6e4f766dc0]
  data[ 205] = 1666858339, ct =[0x42df57ddea8206d9f3ebeb20e11a5110]
  data[ 206] = 1673132053, ct =[0x4e485e57e6f1843eea68425f9c8f1ccd]
  data[ 207] = 1677488836, ct =[0x3f7326753ed8ad722106042c61895171]
  data[ 208] = 1687105730, ct =[0x05ca6741f02b4234f4e16f5b4d28610b]
  data[ 209] = 1701066045, ct =[0x8230473041a8aac8c44209111325e224]
  data[ 210] = 1710225514, ct =[0xd85aab2638033a9f525117c829797b2f]
  data[ 211] = 1712216357, ct =[0xbf8a14a9307b17c737d19e7cf8d940cd]
  data[ 212] = 1712997292, ct =[0x8cabed814b6467deac41e8ace0d3e24e]
  data[ 213] = 1716772532, ct =[0x4b56adeada27ff922b098907dc363b19]
  data[ 214] = 1718789879, ct =[0xe7c85842e5e1d9d8af5fc498550ba05f]
  data[ 215] = 1726956146, ct =[0x5a5d7d7624e0d1765af1a8410844e2b0]
  data[ 216] = 1732360480, ct =[0x8159e6fa5369755f3b5e988f4226aa85]
  data[ 217] = 1738658012, ct =[0x66770027cc5a27c643e03d82aecdbf64]
  data[ 218] = 1751045125, ct =[0x86a4e83ae18c1368a2d4e14f4d66ec53]
  data[ 219] = 1777719775, ct =[0xa1144747c1e81210d84ffba7e88bb729]
  data[ 220] = 1783561335, ct =[0x02caee3b35e77b21ecd5f5b365657a1b]
  data[ 221] = 1783782943, ct =[0x333ae39089ff9013cfda7803b3361e5d]
  data[ 222] = 1796081714, ct =[0x336799b39edf90d41662f55e275064f6]
  data[ 223] = 1796466456, ct =[0xc42edbee6ce0a68de46c7d067c021700]
  data[ 224] = 1799760274, ct =[0xb1beaef1ffdca89ed96ff1f00cb06f82]
  data[ 225] = 1802771599, ct =[0x0e0d6354d3df68d9d79487116fb81fef]
  data[ 226] = 1817228439, ct =[0x098aeb801f8c099f01e5a96dc46f87e8]
  data[ 227] = 1826661969, ct =[0x0f76a4c6d6ae4aefadcd23d746ef5c88]
  data[ 228] = 1834123908, ct =[0x94cdd83d60d0f28dd8c9099365686340]
  data[ 229] = 1855266261, ct =[0x519febcc53ae241f78334a591c904acf]
  data[ 230] = 1901726176, ct =[0x03432a75c863577e9af9af2e3671f74f]
  data[ 231] = 1905486595, ct =[0x292d775ef5bda379bbb6bdae90e642fa]
  data[ 232] = 1907784133, ct =[0x2dfe57e0a20e6794323aec053d243ef4]
  data[ 233] = 1909791124, ct =[0x30a2ff2603aca0a6fff89f06ee839bbc]
  data[ 234] = 1913020820, ct =[0x30c129eb82243295e2388ab9ff519df4]
  data[ 235] = 1929070141, ct =[0x1f525aed48a8112ab4478b9714027bba]
  data[ 236] = 1934076802, ct =[0xd673942aeb6d2a941486cccb11141ab1]
  data[ 237] = 1982954693, ct =[0xd43ee3ab79fecbe82942e88e315b3db2]
  data[ 238] = 1984441864, ct =[0x9cf9da7bea0e67c7798f640f8c239197]
  data[ 239] = 2017807180, ct =[0xea0ed36c69180b115ff9472aa43c862d]
  data[ 240] = 2026224004, ct =[0x2cf1cc6e8f57ec878fad486580dbc785]
  data[ 241] = 2027525011, ct =[0x75f9e212fa9a440d7eca695471ca1a30]
  data[ 242] = 2032060776, ct =[0x99687f418291ccfbe32b2d90e6d22706]
  data[ 243] = 2032568283, ct =[0xeaf3fb8ac71761efcb93eb26c74a5ac4]
  data[ 244] = 2037991625, ct =[0x442df53dff390e4feb4e2ecca97799e1]
  data[ 245] = 2053829453, ct =[0x3eac5c4c3c6dde462cc025b4416d59dc]
  data[ 246] = 2069512245, ct =[0xdd91261e3b8ab4c533036b47dffdb8c8]
  data[ 247] = 2072323436, ct =[0xcd020737c487530113b28b250739de4b]
  data[ 248] = 2085111990, ct =[0x088fdc52a73e4dea165c79c5d3e2944e]
  data[ 249] = 2108132720, ct =[0xbe6a00ad69fd32def5ca5c516cfc4fdc]
  data[ 250] = 2109397741, ct =[0x25a61d39b76f701ddcb3115fcabc51fb]
  data[ 251] = 2110578116, ct =[0x10869c92826c028113c0cf7f444e421d]
  data[ 252] = 2123974327, ct =[0x0dbb44a4d8595d89a3b1d7f7ce707451]
  data[ 253] = 2125459910, ct =[0xb87cef8f436f17b0186b3bfddcfb9d66]
  data[ 254] = 2133339313, ct =[0x0eb8b0f1065faad7097e880592ba4834]
  data[ 255] = 2145836301, ct =[0x64f724e63e2e614a34007cc602fff028]
INFO: 15727 swaps executed.
INFO: data is properly sorted.
