INFO: KMSM contract open succeeded.
** Running CSR[privreg] tests...
Initial mprivregcfg = 0x12, (mojov_en:f, key_valid:t, format_sel:fast, mojov_ver:1)
INFO: running with loaded data contract.
INFO: simon_key = 0x27a48e9de04eadbc5297fe6330cea7d6
SUCCESS: Mojo-V data contract validated and loaded.
Decrypted data_contract_t fields:
  salt        = 0xa1bd51183082e0ca
  sig         = "Mojo-V ver. #001"
  sym_key_128 = 0x27a48e9de04eadbc5297fe6330cea7d6
  contract_sig= 0x5d34f1ad3b2327b3
  ciphers     = 0x0000000000000000
  format_sel  = 0 (fast)
After enable, mprivregcfg = 0x13, (mojov_en:t, key_valid:t, format_sel:fast, mojov_ver:1)
DATA DUMP:
  data[   0] = 2032060776, ct =[0xbb07417786bdc48a9eebb8bded3eac17]
  data[   1] =  615236124, ct =[0x11dba6d7479ab70150aac02e2ecd959e]
  data[   2] = 2017807180, ct =[0xeca2ec936ceed1ed5bfa2e8c1d2eb122]
  data[   3] =  972168696, ct =[0x7bc54522621fb4a9a8e9818a7c369235]
  data[   4] = 1623863471, ct =[0x3e22340d0005489f5a65a69f447e63c1]
  data[   5] =  605280572, ct =[0xef003e4d2e09daa8a5b126085f747881]
  data[   6] = 1209526912, ct =[0x16d5507dc2b35ac3f797a2625e92f982]
  data[   7] =  606076108, ct =[0x899d3e6a659343659584fa7289fa3995]
  data[   8] = 1398721121, ct =[0xc6ce97df08f084bcaba5127483109e7a]
  data[   9] =  776305894, ct =[0x6bf66d4075936c07a5546278789ceba8]
  data[  10] =  535365453, ct =[0x1e733b5c5cc4bf1a8f6eeb04e24b5386]
  data[  11] =  995603468, ct =[0x4b6a8edb8e67c3185e17a2155ccde232]
  data[  12] =  272094241, ct =[0x04c4dd948ada13014a6693102217b8e4]
  data[  13] = 1622971356, ct =[0x218118c9793ddcbb2bfdab382d819365]
  data[  14] =  514825840, ct =[0x5fb0ac72742c85a7445bb595e2d7856f]
  data[  15] = 1235731124, ct =[0x7864caa1f6ac33a0206d45b8c280efcd]
  data[  16] =  588764002, ct =[0xdf8fafc610b8a87fe9c8080c475f06f7]
  data[  17] = 1263887309, ct =[0xae30f439d016c6983a066b6f4278f5a0]
  data[  18] =  770909700, ct =[0xa219024f2f0d77cac47f34b0a6814ac5]
  data[  19] =  124766229, ct =[0xec8dce8f9f61d7bd55905102f782acd6]
  data[  20] =  266106667, ct =[0x13f0aac1a69127e5fc52ae951bec99ce]
  data[  21] = 1421469273, ct =[0x33ca979e7fc4fcf2858783be0e62b52b]
  data[  22] = 1108524190, ct =[0xc58c2559b285b242b5d20a326e8d1db9]
  data[  23] =  449617425, ct =[0x358ce49cb245a18730ac5cf74b047450]
  data[  24] =  695334297, ct =[0xa01311e79e67f1ee3c61a57175d7bb01]
  data[  25] =  434246633, ct =[0x8551d8f5ffb6fcc1309da7791db1e6a3]
  data[  26] = 1796466456, ct =[0xa831a4fc36bd78995af22ad747f1d57d]
  data[  27] =  970515705, ct =[0x0c5623ee2ace02518233ad05350216bc]
  data[  28] = 1732360480, ct =[0x19f5be44869a860ed606d66349659f45]
  data[  29] = 1176415705, ct =[0x8058d424de9d68efe26028af781e2c90]
  data[  30] = 1420558369, ct =[0xed6dd7d51a37f4a7f01987c6a898374d]
  data[  31] = 1802771599, ct =[0xf8c22c0329615ba61c522d5edbf2d592]
  data[  32] = 1003478060, ct =[0x2690725a05c3b4d74ed36a1c3ce71e8b]
  data[  33] = 1783561335, ct =[0x775129b552cadffbe7a005a33ae718a7]
  data[  34] =  272049591, ct =[0x37d75e66c49349caa7f175dc627edebc]
  data[  35] =  951614618, ct =[0x14549dba2cb3e4217ffea3d35dd4018f]
  data[  36] =  232701694, ct =[0x3ecb5d0a6fbee494574d1d082d5e5142]
  data[  37] = 1246724540, ct =[0xa28458f0b7c97be37b81e06a67721015]
  data[  38] =   18097017, ct =[0x53287de28a6252c43103f29de286e6f0]
  data[  39] = 2027525011, ct =[0x2326337b765790069212192a62b116b2]
  data[  40] =  138319799, ct =[0xa82351495a078fcabe749ef550015a6e]
  data[  41] =  522362919, ct =[0x8aee6064ed1d59cfa89367d3b1753475]
  data[  42] =   43816761, ct =[0x93ca88734457387fe1baaa23156c54e9]
  data[  43] =   49663960, ct =[0xcbb258194fa7fd47070bd5421664df29]
  data[  44] = 1368965878, ct =[0xea18c5a359db202e6ce18678d997bdf4]
  data[  45] =   34638326, ct =[0x4faf73d2861798c0760fda54a43a5ea4]
  data[  46] = 1650616339, ct =[0x569c03d7f2307b71bfc5408891f4b838]
  data[  47] =  437811823, ct =[0x157ebdd63210eaf8170304d15445283a]
  data[  48] = 1440857754, ct =[0xaa3fc6c5feda84e4c124ec5222702de4]
  data[  49] = 1677488836, ct =[0x0fa471ad5cf3bd107e2c444bc9967698]
  data[  50] =  769409341, ct =[0x7a7bfac8611c85f5e2d6f8c2613ffd63]
  data[  51] =  542036234, ct =[0xbd0cd59597b228053eee9f28dc921042]
  data[  52] =   52010375, ct =[0xc7da8830a2e4c969a5d16ee4bba3fb5d]
  data[  53] = 1777719775, ct =[0x1a2aaf8f4e544ae90db6313634cc6064]
  data[  54] =  113753098, ct =[0x33d82536c0b39ec3603b7b3b6ad48696]
  data[  55] = 1643406040, ct =[0xd59ca999fb258f15829177751489b9db]
  data[  56] = 1751045125, ct =[0x3a32b6383df53dfa9833c787e714c7d2]
  data[  57] = 1420917712, ct =[0x2ea0d60ecd954639b111c39e32a71c2e]
  data[  58] = 1718789879, ct =[0x766c537cc62f88492858d6520a11fdee]
  data[  59] = 1060295336, ct =[0x9e750c5aac84847f88bc503ef4ee782f]
  data[  60] = 1817228439, ct =[0xac8df298d29fe033636f52e93934313e]
  data[  61] =  393267499, ct =[0x5681f5f721ea3bfd080aa31df3c05a57]
  data[  62] = 1712216357, ct =[0xa6170fc8f9a5fc45be1f597af2463b89]
  data[  63] = 2053829453, ct =[0x3136a7cb64339621e2308e646dff3b2a]
  data[  64] =  558557161, ct =[0xff223cd5ae8157d1f45d8362c3663a74]
  data[  65] =  963119737, ct =[0x255b941911418ad49fc3a9ff8c545842]
  data[  66] =  401838069, ct =[0x56809f1bf5960ceee807190febea0571]
  data[  67] =  939698322, ct =[0x9f6e5c6d9c02e68bc36b5c72c9278e23]
  data[  68] =  979144251, ct =[0x5699ef967cd7d594267d89f4dfb2ff1b]
  data[  69] = 1007636910, ct =[0x15fd628f6168e58c57218c9608c801d9]
  data[  70] =  947559721, ct =[0x329afefe4148d026d513c4c6f1cfd646]
  data[  71] =  875815356, ct =[0xc725ace23ffbb877bb2bb884b8147626]
  data[  72] =  923422190, ct =[0x4bb3ad9c23c6647e88922ab3d244aeb7]
  data[  73] =  403832110, ct =[0x9bacdb6d61ea941e0efa4222bdf003e8]
  data[  74] =  198654741, ct =[0x0f3ab6c1779b0a4d5f1cb34a6c62fe05]
  data[  75] = 2072323436, ct =[0xe9669172ded1933e06beb177ae1864d6]
  data[  76] =  444325613, ct =[0x3d3441af36d596dfc98981423256e3aa]
  data[  77] =  133100066, ct =[0x98b9adb6a9758f7fcda27a6e6ea34694]
  data[  78] = 1234168690, ct =[0xada700da664605f6c26bfb4bed2a896b]
  data[  79] = 1799760274, ct =[0x617c8931c1233ea056e946120f8b2e13]
  data[  80] =   79219579, ct =[0xe1bad09ca3988b23afa81af0b3224b09]
  data[  81] = 1430810197, ct =[0x14f00e594a348250cc233240460f1107]
  data[  82] =  201323408, ct =[0x60b96ba1c3f3e193fbc7552e3842f07a]
  data[  83] = 1656260777, ct =[0x70cdc89c67d9ddc6e72b5faf4ec3a5ed]
  data[  84] =   61027523, ct =[0x140c6ea0906dfc8b865683d86f6349a7]
  data[  85] =   91673131, ct =[0x7e5fe27fbeb43b7f63592614cae88545]
  data[  86] =  769098448, ct =[0xf0a76e6b7de9ac02e59ed13ae4810163]
  data[  87] =  327873336, ct =[0x8bd357ed47a8b0b8e24905bffa13d07d]
  data[  88] = 1907784133, ct =[0xb853ffee6ee482c8c20dd44b2ef21601]
  data[  89] = 1260188232, ct =[0xbb538d33f4e81dc95161f9b3d4aecc47]
  data[  90] = 1638710261, ct =[0x0195c10c9ee1690e0cc076ac89c221e4]
  data[  91] =  551166006, ct =[0x3b208f711ebe98d2883cea9a984688ba]
  data[  92] = 1527575606, ct =[0x4ccb51cbb023857f1ec1565fbeb48272]
  data[  93] =  969249597, ct =[0xd865da8160b96122ccff06937c3fe830]
  data[  94] =  917429646, ct =[0xbaf2aa276e6024747868ab88f7a62832]
  data[  95] =  434909659, ct =[0x9a8ceb89ef14f5a6f1a710af5dd2c78b]
  data[  96] =  961456134, ct =[0xcd28d992745210bcacad6f7b094a74dd]
  data[  97] =  164300342, ct =[0xd3df3c84fc3a7e7bf16f6f076ff3eb52]
  data[  98] = 1155448068, ct =[0x19247fe6c821dd5ea107de120ac290d2]
  data[  99] = 1087705622, ct =[0x84e2fe205b84c0f2ccf8fc12b212e801]
  data[ 100] = 1329087426, ct =[0x18c073af6e80f3015e65f30694de50cd]
  data[ 101] = 1783782943, ct =[0xf9f9f22b11c2a6c9dff6e1cf26780d27]
  data[ 102] =  855872297, ct =[0x67b59eeea7c93babb97f343a391f4cba]
  data[ 103] = 1234386624, ct =[0x342c321984789996c82ca04968c9028a]
  data[ 104] = 1359013739, ct =[0xe5d7153e9c7f72e9c9acf006e86a5d79]
  data[ 105] = 1406039206, ct =[0xf373b6a166eff727cee47a01b38f9067]
  data[ 106] =  614841790, ct =[0x35ddce87ed9b5143e8f7d68c2ad30d72]
  data[ 107] = 1909791124, ct =[0xe4835a4da2bc5072550988bd8925851a]
  data[ 108] =  419638653, ct =[0x4d01ca8b951e7dfeebe24343672340cd]
  data[ 109] =  808168317, ct =[0x21926bad8b6bc7b4053038c8fed3e8d2]
  data[ 110] = 1687105730, ct =[0x3fc6f91a3828111d5d9dcffe3c16bc02]
  data[ 111] = 1089830115, ct =[0x23c0f8c77ff1d0c0218fa640de743f4e]
  data[ 112] =  206625583, ct =[0xb3e1b368c51fee3e662b43c9a24139e2]
  data[ 113] =  548522986, ct =[0x411683bf303eb0abc84923a72cefa449]
  data[ 114] =  280158986, ct =[0x0ba1ada99f14ff1d13a95613a8fe17f4]
  data[ 115] =  510869993, ct =[0x61d8295591de1045128503efb2db25c1]
  data[ 116] = 1234661697, ct =[0x4b04172faf303f852802fd191c5f3ef4]
  data[ 117] =  425916093, ct =[0xf61431f450a00fc8d02bb575f0b16575]
  data[ 118] =  557489952, ct =[0x7222423cf0d85605ea0d78ea28476afc]
  data[ 119] =  921786668, ct =[0x18229d8d34d1c40bd7e22956deb6bbf7]
  data[ 120] =  546426952, ct =[0x123398fab4863c33c55e2b1f3cd4d32f]
  data[ 121] = 2109397741, ct =[0x021b301f802756809ae66e6f51014805]
  data[ 122] = 1389122708, ct =[0x322439db5cabbb22c6b2981b49dd820d]
  data[ 123] = 1568319821, ct =[0x10f6eb552c4f13b1cae322ec47ef768a]
  data[ 124] =  365570830, ct =[0x765ab0be5164377722fdaf820f5f54e2]
  data[ 125] =  113643365, ct =[0x66bd08ca08dd31017462d6e237a81fce]
  data[ 126] = 1710225514, ct =[0x43418546c07ac8c0936ac8ef5039b850]
  data[ 127] = 1047951178, ct =[0x02caf50c22f3dadd1bccff9ef361e47d]
  data[ 128] = 1299889762, ct =[0xf732c6aa1f3f3b05f62b0c6799e27b5d]
  data[ 129] =  288794446, ct =[0x4ee6556e46b18890f4f56ebf98ad31a2]
  data[ 130] = 1826661969, ct =[0xca7337675de5b388a338c59c69515c33]
  data[ 131] = 1089337673, ct =[0xb039c956654a3743c398c3203d6dfe06]
  data[ 132] = 1339213488, ct =[0x8b8c8ae81a35b3f95e2ba1ae9dbde158]
  data[ 133] = 2037991625, ct =[0xa178ba136fcf1da38d95d94256075dfa]
  data[ 134] =  673613316, ct =[0xbb8a60bab0c5d4eb7a3f3c3b3dad3915]
  data[ 135] = 1257568216, ct =[0xa39341b52a7cc86f9ca40b85f3cf3a6e]
  data[ 136] =  247982454, ct =[0x29c7706e6722f2f8886439b545d75f7a]
  data[ 137] = 1701066045, ct =[0x693efa6f616defcbbe5fb4c9fb1e4733]
  data[ 138] =   46953856, ct =[0xbb73100cb98f0bd5fd8c04a3df6078e9]
  data[ 139] = 1430009653, ct =[0x8e8de5292919e13c6e6b4289d08a803e]
  data[ 140] =  971987409, ct =[0xf29139ad7d2be929add2a9c19df5bd97]
  data[ 141] =  590526013, ct =[0x5080971798be75efb9f8b404c9fa1aa9]
  data[ 142] = 1738658012, ct =[0x5ab476245fd02bf3e46c06991b4e6932]
  data[ 143] =  807123800, ct =[0x95e5cbbcf6d6a7a3b8686758e945dd61]
  data[ 144] = 1428038048, ct =[0x4949678e082966290a1b6a550c98d409]
  data[ 145] = 2125459910, ct =[0xe27eedaa02a5191b2539242c864cf74c]
  data[ 146] =  685256755, ct =[0xf800e300a3f006edb27eae105f877f7a]
  data[ 147] =  626233423, ct =[0x8a0b17aff9bec33595eff3da1e1662a9]
  data[ 148] =  212460003, ct =[0xa49c16b09f72a472894cb9d651a529a3]
  data[ 149] = 1145529189, ct =[0xc6d3e514c4cd9c901990e745e248de4e]
  data[ 150] = 1379632534, ct =[0x2126142559589da8f786fce4e9a83c26]
  data[ 151] =  141700270, ct =[0x5aa8e96a951a179adaccc03c23f649d2]
  data[ 152] =  645822441, ct =[0x8be4b0b52deff708755309b19c8a1f58]
  data[ 153] =  477090796, ct =[0x2b32efc82b52911e47cba45f31e366e6]
  data[ 154] = 2133339313, ct =[0x434ea21d8638a6694cd40a5fbc29acd9]
  data[ 155] = 2145836301, ct =[0xd85788f21da2b4975f9cf59391f7f641]
  data[ 156] =  138128809, ct =[0xb21396871f03f96a67f25e125bd15bdb]
  data[ 157] =  334442962, ct =[0xf83f021a6dfd7e0e5e8756e9425d521f]
  data[ 158] = 1984441864, ct =[0x583b75ecae210c4a7a1da7fd614a4f8c]
  data[ 159] =  963422476, ct =[0x4bf55fc7a59e114b599344bc42a7d38e]
  data[ 160] = 1855266261, ct =[0xa12463fec51409355e77649a79e1e44a]
  data[ 161] = 1103127905, ct =[0xf5f395fb37f24979ba8ff6afdba2d268]
  data[ 162] =   92690736, ct =[0x07aa879094e84f9bf94381866fea7198]
  data[ 163] =  404385484, ct =[0x1e7369ec2f130d708062ac5594f521bf]
  data[ 164] = 1323012705, ct =[0x051a64afec82d639d3574be12fe8650b]
  data[ 165] = 1447977771, ct =[0xf09152c128c0ba503a3560237bc4f2ac]
  data[ 166] =  759159232, ct =[0x9f33c638d48e5ff518762f4577c3a59f]
  data[ 167] =  133702991, ct =[0xc0d4386fc1ca0051e01deac5a8cf1e1d]
  data[ 168] =  378036416, ct =[0x000cd5cb6b5380859d29aa8ddf77b984]
  data[ 169] = 1209910798, ct =[0x0b8db93c13f60e42843de9d0a545f73f]
  data[ 170] =  622217318, ct =[0x8180849af2dc91e59342dfa24f4e36a2]
  data[ 171] = 1101440798, ct =[0x2407fa6d40596119a77dccbb2d9a9cf3]
  data[ 172] = 1905486595, ct =[0x4856695c5455711b796d1cda4b3d7564]
  data[ 173] =   95446952, ct =[0xffc08b916a428fadc22d4074e5fe1a2b]
  data[ 174] = 2110578116, ct =[0x352196062ed6652ea989a2e51f289e5d]
  data[ 175] = 1120015008, ct =[0xee07417cf872ac5c7d88fdffc0d0e857]
  data[ 176] =  337277123, ct =[0x7218b4f757d5ece2ac4cbbbe0ad6404e]
  data[ 177] = 1425238041, ct =[0xee7dfb12211f1dae2eec9941e1a49950]
  data[ 178] =  518505999, ct =[0x980df7f472e121e1121e8e44abc0fdf5]
  data[ 179] =  493139740, ct =[0xebe5256d93effdc2f3955d94cb8cd921]
  data[ 180] = 2032568283, ct =[0xf69c9a39cbbd7dedec7fdd19843319ed]
  data[ 181] = 1576772508, ct =[0xbbe76e30657e222de5463dddfaaa4936]
  data[ 182] =  129634050, ct =[0xa589b9ccd990c55e470f1c5800103f4e]
  data[ 183] =  341826509, ct =[0xe2bb5002d2d80681dccdc08983c9dd67]
  data[ 184] = 1147205439, ct =[0xe03c6707ad813571bba53e5161b9d52f]
  data[ 185] = 1289321942, ct =[0x007bf1eda86a1da20f88d51226b243c2]
  data[ 186] = 1192189316, ct =[0xd55155228991afbda9a07c3b7ed8b7a1]
  data[ 187] =  300105622, ct =[0xd9d6a71cec3b3d9dd3123654b30e2068]
  data[ 188] =  908053290, ct =[0x78a673b9eb3c9dd2d75bc633b0dbae95]
  data[ 189] =   52528500, ct =[0x1c2d351942bdb5b8151fb8e4270bdab9]
  data[ 190] = 1929070141, ct =[0x711585516cca786ad9ff5f3cbdf270a7]
  data[ 191] =  225880642, ct =[0x87b1035baeb17d24a4bfdc7e4392a260]
  data[ 192] = 1012122745, ct =[0x02972810993cd3a34cb8d1e6b1a95e7b]
  data[ 193] = 1461076850, ct =[0x5c00d57d9d84a230e38a3d3172cd93b7]
  data[ 194] = 1486504159, ct =[0xdb70db83261372a6d3fa51cb09e38ad9]
  data[ 195] = 1593506036, ct =[0x2f56cde4bd3ca658e83235882f5603ac]
  data[ 196] = 1420725314, ct =[0xad761127e37097719a481a5c5910eec4]
  data[ 197] = 1982954693, ct =[0x8b213bad586838db2a866d1244f4aa45]
  data[ 198] = 1476352818, ct =[0x549a5f6b15e8df28c7267065b5494e32]
  data[ 199] = 1934076802, ct =[0x390a32d494b888831fbf92b13d97f40c]
  data[ 200] = 1318581262, ct =[0x57e34d6ad38c7bc8553ef13395d38db7]
  data[ 201] = 2108132720, ct =[0x3777ef9bf88117b9674c3cee0ffc5a7b]
  data[ 202] =   45622479, ct =[0xc371cd8839f15dae305eceb33a694c61]
  data[ 203] = 1712997292, ct =[0x3e56f2c3d83301ed3d9d96e2d311052c]
  data[ 204] =  597425142, ct =[0xf00d5f3ab9c6de8020c46acc10b087aa]
  data[ 205] =  345633785, ct =[0x672b15b12ab6aeba05c0f4e87d878a24]
  data[ 206] =  607401594, ct =[0x0c342db04134b948066ab7cfe40ad7ea]
  data[ 207] = 1901726176, ct =[0x94a85f0432536e132b3ebc3f6a4fefef]
  data[ 208] = 1318176750, ct =[0x445134e67b0b22b6bc6e8f1bc8695149]
  data[ 209] =  371710231, ct =[0x29232b7b1d41783b42246de5a2a4a26b]
  data[ 210] = 1508006009, ct =[0xd15c610fc9eb535356be42d6ae737785]
  data[ 211] =  460142871, ct =[0xdbb1da31b9565135847597b5d20a69f2]
  data[ 212] = 1834123908, ct =[0xf7e520e0ab4ca264c0147c3d77a5bafd]
  data[ 213] =  329711405, ct =[0x0428239c0a2645818a962f9ffea1cdda]
  data[ 214] = 2085111990, ct =[0xd65c3508ff120a1f4c6e5b8960a9c526]
  data[ 215] = 1335721029, ct =[0x5eb16d712164d7178fb57336372dfc27]
  data[ 216] =  673055094, ct =[0x0a35aed4d8169c517e96e01c1a4da6f1]
  data[ 217] = 1222910985, ct =[0x120ddfbd65f43794cbe845c562da6ee9]
  data[ 218] = 1179644719, ct =[0xb09c046257be676a7d54857fadcd3140]
  data[ 219] = 1270895212, ct =[0x31794bfb3e88ea4f1d4ef9ab514a3e22]
  data[ 220] =  119088501, ct =[0x9d6310e7a450a4d4014cb8f474698689]
  data[ 221] =  570939534, ct =[0xf93f6bbe9c89548ff238ea5695461393]
  data[ 222] =  964429377, ct =[0xcb95323b1ccf1970898f0ad2ed3859d3]
  data[ 223] = 1673132053, ct =[0x9cb90a34ef81ffb38107106630675c1e]
  data[ 224] = 1272538162, ct =[0xbece67aae52e18830e60d2241add2a61]
  data[ 225] =  233428831, ct =[0x19e75ff5cccc8131f4570e0f1aec5bb1]
  data[ 226] =  855894051, ct =[0xbe8c2d8846ea7b05281df28965e6b067]
  data[ 227] = 2026224004, ct =[0x9d3e441c335deb1fcfa81077e2ecc806]
  data[ 228] = 2123974327, ct =[0x57af4b68bc9c9c78b438af2bbeec53e7]
  data[ 229] = 1166254323, ct =[0x5aff5e9c82dd5fa60a9b2aaf172cc1bf]
  data[ 230] = 1913020820, ct =[0xdad1a4c74c893c4528e34fe7115c75eb]
  data[ 231] = 1444814733, ct =[0xbf8579ece11da7cc7122a605a86ef8df]
  data[ 232] = 1023783643, ct =[0x8c92a2b73de945e5f509bf7b9d11633f]
  data[ 233] =  530702738, ct =[0xd6dabe176346d2ffebfc320cea23718c]
  data[ 234] = 1716772532, ct =[0xa930b2fccb2dd49e3b834a89a415760a]
  data[ 235] =    2863982, ct =[0x8d2de26ccfca9a6e5a94aa7e0d2845d3]
  data[ 236] = 1200596575, ct =[0xa000b109d606a0a1f35d46894849e7ac]
  data[ 237] = 1078979908, ct =[0xaa2a560cbae5515667ab1cf1c6712f5b]
  data[ 238] = 1056892541, ct =[0x0039e63f1fb9832680c0f84463a8479a]
  data[ 239] =  575596251, ct =[0x2ff17a8e1f4544bdc8d09f96df0f0e09]
  data[ 240] = 1583168389, ct =[0xa76bac1845da3df4e2abbd027e4279f5]
  data[ 241] = 1666858339, ct =[0x2d84717281e3b70f91ab1cafd0315416]
  data[ 242] = 2069512245, ct =[0x82600e8e0feabd958ac80f9a807ddc32]
  data[ 243] =  233003554, ct =[0x596e51e33162c86cf87a88d0e4fee3b5]
  data[ 244] =   22418659, ct =[0x633aa54dd101b0ed08c58f7a06dec8f0]
  data[ 245] =  634270322, ct =[0x2b36837f274d519cb45d186101f68af5]
  data[ 246] =  724267553, ct =[0xcff6b5a7835fc1edf253e73fd8c153ce]
  data[ 247] =  496283684, ct =[0x1b7f141abdc056bfea7f44b5a48f387b]
  data[ 248] =  772439996, ct =[0xeb9a33ec3c61059bfd3e849cf7551f9f]
  data[ 249] =  302138097, ct =[0xee4e97d7c2a65d9308e02b060c7cb468]
  data[ 250] = 1796081714, ct =[0x14e67fbc6ac220d982f55cc3482a0337]
  data[ 251] = 1211613084, ct =[0x9d99e2d17760b4fd34c6f5bcc7e20e14]
  data[ 252] =  297561634, ct =[0x2119c7f06ada04506721fd253e30782c]
  data[ 253] = 1241618063, ct =[0xf9422f0c66be864a8fb3b621713ef2da]
  data[ 254] =  514462864, ct =[0x237441f1d0ed957de1cdb08e7bccec68]
  data[ 255] = 1726956146, ct =[0xf999bd82c782bfbf957d515349360922]
DATA DUMP:
  data[   0] =    2863982, ct =[0x225cda549f561ebc17cfc39805c48c90]
  data[   1] =   18097017, ct =[0x92dc76c21b30e9e00c0f03ad03063e10]
  data[   2] =   22418659, ct =[0x2aa6df73fe9187c8ab038fc7956b7761]
  data[   3] =   34638326, ct =[0x7986ec8217d62308b3eed36821eb7f60]
  data[   4] =   43816761, ct =[0x29031206954a5602c3adcb741b65f2c7]
  data[   5] =   45622479, ct =[0xd9cf6e313862b40d6eed49780b497804]
  data[   6] =   46953856, ct =[0x80d6bfc61e02b4c5f752b223d4be82ac]
  data[   7] =   49663960, ct =[0xcc6179e3e896fd97f097e2d1d8faa68d]
  data[   8] =   52010375, ct =[0x6957a2735e8883196c6e47bdbf8c075f]
  data[   9] =   52528500, ct =[0xd0290877f10a76ecb78e59dc3602027b]
  data[  10] =   61027523, ct =[0x608b36ab171df588bc9c1daf3d01ca9e]
  data[  11] =   79219579, ct =[0xb5867842fc7cf093632fce354c6e5aae]
  data[  12] =   91673131, ct =[0x4b6f62daec18f6a0a2dcea2b6d1106f8]
  data[  13] =   92690736, ct =[0x6f97dcf895372dce9760e61da246aca6]
  data[  14] =   95446952, ct =[0x27f78c250a56c2e89bb31e345103144e]
  data[  15] =  113643365, ct =[0xa8195f35527c00e26ad4163711fc4328]
  data[  16] =  113753098, ct =[0xbe7cbe94df6c3edd707bcad8b4fcf849]
  data[  17] =  119088501, ct =[0x3202a0ce781f4d5fc4f0784e84110a31]
  data[  18] =  124766229, ct =[0xf6165ada36e9ac39cf3f3288f8eca61b]
  data[  19] =  129634050, ct =[0x3258031995da0d71906253aa60a406a2]
  data[  20] =  133100066, ct =[0x90ac90ce0db876d1f6c07f157f616ae2]
  data[  21] =  133702991, ct =[0xfcbd7dd2e2526616147917fcb7a31712]
  data[  22] =  138128809, ct =[0x9e4e28c2fdc70f1183636c5e6c2525f7]
  data[  23] =  138319799, ct =[0x1ce67c2d61cda2f70bc0a36010376bb9]
  data[  24] =  141700270, ct =[0xb0ffdd7ceb0e659031b61884a8f0582a]
  data[  25] =  164300342, ct =[0xc71d9ebb3d0793e498e8640c527fbbbd]
  data[  26] =  198654741, ct =[0xbff7ad2cb3acc2235d9143763dd127e5]
  data[  27] =  201323408, ct =[0xfeefd137438053d82f754f0356e6cf8d]
  data[  28] =  206625583, ct =[0xae25fd9697d239a4da08161437e72b50]
  data[  29] =  212460003, ct =[0xef0089ace07d38ebe0b7715d2c13b64c]
  data[  30] =  225880642, ct =[0xa9b4a3ac933a52672b6871e08932d0d0]
  data[  31] =  232701694, ct =[0xaa8138252a7dd533b5f4863b746a6f3c]
  data[  32] =  233003554, ct =[0xc458ca5ef6e67acd3f7ff4a82fc3a435]
  data[  33] =  233428831, ct =[0x4f8b076b94b9d7281a4fbe31d8fc1fe5]
  data[  34] =  247982454, ct =[0xec113a631f2cd9e9613112f0c7f19180]
  data[  35] =  266106667, ct =[0x81ab952ecedce8b0785563235bc99fce]
  data[  36] =  272049591, ct =[0x3bef50a3cad9a744947f4fe7fe77f956]
  data[  37] =  272094241, ct =[0xefbcab0dc6f5dfe7378d50549928d367]
  data[  38] =  280158986, ct =[0x658817f5d6aa50c5b355ce65dcf932c8]
  data[  39] =  288794446, ct =[0x9c240c75bd8969a2338b3dbd22e518c8]
  data[  40] =  297561634, ct =[0x5b8ac544330339079bd5eabd0d139164]
  data[  41] =  300105622, ct =[0x534239359bd0046165e1f7e0456ebdde]
  data[  42] =  302138097, ct =[0xb059f4e78da8bbe388cbb17562965483]
  data[  43] =  327873336, ct =[0xaa9358adfb8b0a957d74f4d4e16e86a1]
  data[  44] =  329711405, ct =[0xe06f2c8f0a525af1e1c2f18dfdd8f67f]
  data[  45] =  334442962, ct =[0x00a70a23207f2dd6fd5eb5438f2c0031]
  data[  46] =  337277123, ct =[0xf1ccfbf06bfec335e8caf6cc9507a296]
  data[  47] =  341826509, ct =[0x39376d64a2b30325e7dc5a72cdce2cfb]
  data[  48] =  345633785, ct =[0xa8381a570497a706ef4d3dadbc820866]
  data[  49] =  365570830, ct =[0x9e49c692a7a042a7e2259891f6153539]
  data[  50] =  371710231, ct =[0x4443bde012618862132902a65e098973]
  data[  51] =  378036416, ct =[0xa8bc220abaa21df125dfe08385800bc3]
  data[  52] =  393267499, ct =[0x1551c8326495573b5ed53556bd70e46e]
  data[  53] =  401838069, ct =[0xf7d3e63e9d2d9e4cb4b63cedd34042d4]
  data[  54] =  403832110, ct =[0x039af692d3f253510b7953450f5efce1]
  data[  55] =  404385484, ct =[0x1a622328b7f63b44e0c92073ffb219ff]
  data[  56] =  419638653, ct =[0xb7a29055a5132def4226cd5033c4b75b]
  data[  57] =  425916093, ct =[0xd7d9a762f1e719e7674ca7c0f46980ad]
  data[  58] =  434246633, ct =[0x791b654020bbad06a06a9f209ed0c094]
  data[  59] =  434909659, ct =[0xf307adcee154f5274b69c0d3d6eaa410]
  data[  60] =  437811823, ct =[0x2e03cad6a147cd1a3f849be7e42499b0]
  data[  61] =  444325613, ct =[0x4a60d633b487749a14b97071a30f54b4]
  data[  62] =  449617425, ct =[0xc872b1d8385dcf6de4229f4c055f604a]
  data[  63] =  460142871, ct =[0x9aa0350883c8d4a27c123b05d83c7f83]
  data[  64] =  477090796, ct =[0xfb18504362021435292111ec20634f01]
  data[  65] =  493139740, ct =[0x00c6b0d33667f7003aca693ef6536ac7]
  data[  66] =  496283684, ct =[0xcdd3d912287fd8f36c7a5e909c2d21ac]
  data[  67] =  510869993, ct =[0xed48746c91062812cc99e875553b0480]
  data[  68] =  514462864, ct =[0x5e724a050021f9458a642e73c1f2a1d8]
  data[  69] =  514825840, ct =[0x5ab91bad6fb02d325a93dcf6f3981ea2]
  data[  70] =  518505999, ct =[0x77d9175cfe050c9e6acb0bb1006c8289]
  data[  71] =  522362919, ct =[0xd53559f0e1828997491dbb09529f285c]
  data[  72] =  530702738, ct =[0xd5a67dc1f56196f0da2e8137dd0f2285]
  data[  73] =  535365453, ct =[0x428d1e43d155cbd90fd4a33a48300025]
  data[  74] =  542036234, ct =[0xf59353967205eed4203449451093f394]
  data[  75] =  546426952, ct =[0xa7b3d2f4ade7bc17fa70a3383283881f]
  data[  76] =  548522986, ct =[0xc4d934cea2e0cf4886fe05ac812c8471]
  data[  77] =  551166006, ct =[0x35d878f1bcf1d6488ea2eba6284716d9]
  data[  78] =  557489952, ct =[0xbd7dc3c9c6ffc8025f8d4973da32552d]
  data[  79] =  558557161, ct =[0xf782383ef212538dfafc44c63f5940b6]
  data[  80] =  570939534, ct =[0xca3f889262f38183edcadc7881cdac3b]
  data[  81] =  575596251, ct =[0x5689075575e085f265b471f83660d5ed]
  data[  82] =  588764002, ct =[0xed7e126afa68f329191f35febfac9457]
  data[  83] =  590526013, ct =[0x7db4ef18de12cdac4940c1846a6724ec]
  data[  84] =  597425142, ct =[0x1420080b43185a062f2474d054912827]
  data[  85] =  605280572, ct =[0x039c97a471b1c3acc1c800d6b9c0b2e4]
  data[  86] =  606076108, ct =[0x2175d8dd81e4ff0ab49149a4367ce99a]
  data[  87] =  607401594, ct =[0x7a9ffcee1851fd648a397c2223efd3d5]
  data[  88] =  614841790, ct =[0x36eaf6ee1b27cf3fd79c891368929acd]
  data[  89] =  615236124, ct =[0xaa755fa277e1c783cc0ca5e5935ad887]
  data[  90] =  622217318, ct =[0x2538631b566b5e8b40a50eda24bec6b1]
  data[  91] =  626233423, ct =[0x92e8c43b2cbaaf33d871691e2e152c3f]
  data[  92] =  634270322, ct =[0xa1310ad482531b49ff5898d9a5dc408b]
  data[  93] =  645822441, ct =[0xc877ba739a256a8cbae1984d41c4a57f]
  data[  94] =  673055094, ct =[0x7b23f4deafe501f8ae60e3d21bebf520]
  data[  95] =  673613316, ct =[0x647e698b3138d2ed963c76e04957b128]
  data[  96] =  685256755, ct =[0x8255568f67978d95908a37e9c040eb81]
  data[  97] =  695334297, ct =[0x14a29132011b119e2332c073c2b64251]
  data[  98] =  724267553, ct =[0x24674a96567bcc9bb53d8112ea7e377a]
  data[  99] =  759159232, ct =[0x44efb784f7205999146aa2670d21eb97]
  data[ 100] =  769098448, ct =[0xbee4cd51e504418bd2e08e0e21bdcaa6]
  data[ 101] =  769409341, ct =[0x5da39ad9e2cbd46c7d945865d4f7a426]
  data[ 102] =  770909700, ct =[0xe8e0e3b86227cba7fa83937fe60f37bc]
  data[ 103] =  772439996, ct =[0x2737eca37c961061a60f30fff5aa0109]
  data[ 104] =  776305894, ct =[0xba91685d9651a89d1a942149a3c50f76]
  data[ 105] =  807123800, ct =[0xd42a9fbef867c2536ba693432b49e4c8]
  data[ 106] =  808168317, ct =[0xcb82dfb7a97cbb70370cabccc9eab005]
  data[ 107] =  855872297, ct =[0x999240347d04a656fb743387c4db9043]
  data[ 108] =  855894051, ct =[0xf1f0fe2afd9731115bad77fef16cd84c]
  data[ 109] =  875815356, ct =[0x03987f95e64af114824852659112d85d]
  data[ 110] =  908053290, ct =[0x7155ed91cc43d937296d3e3fcf9c2a9d]
  data[ 111] =  917429646, ct =[0x513c278697295d3f43338797e3584209]
  data[ 112] =  921786668, ct =[0xa7e2d335c8ccea391158d9cf99257a9c]
  data[ 113] =  923422190, ct =[0x92c4ae781a891a4ad1954777d9e46e29]
  data[ 114] =  939698322, ct =[0x563baa8f2ab5cb54406fb1d158182b50]
  data[ 115] =  947559721, ct =[0x9e60228ccda3fde4f6c9d1ab6ff2c5de]
  data[ 116] =  951614618, ct =[0xdfbf2c91d9d4a03fea71927017afaa47]
  data[ 117] =  961456134, ct =[0xac8ada35d421b6abde1eecf9a7e015ae]
  data[ 118] =  963119737, ct =[0x222f4aec10cf23d91ca42dfe0cae5181]
  data[ 119] =  963422476, ct =[0x7c8892cf4965817479d1bc219f739525]
  data[ 120] =  964429377, ct =[0x5edd885428f268696982f085e9edb7a7]
  data[ 121] =  969249597, ct =[0x496a0c42a2345ddb7a7cdb2d4830c4d0]
  data[ 122] =  970515705, ct =[0x9e0570228757b6dac2edfc7ec1a8f2ba]
  data[ 123] =  971987409, ct =[0x68c9c7ca4b946097072fd6849cd60881]
  data[ 124] =  972168696, ct =[0x13041079473eb0534c5ab1f6e8c7bcd7]
  data[ 125] =  979144251, ct =[0x0d148536731487041578ee53c26f2baf]
  data[ 126] =  995603468, ct =[0x6488cbdd39e1eff6794c4b1d675842b2]
  data[ 127] = 1003478060, ct =[0xd844600277afc28ee30357600f102347]
  data[ 128] = 1007636910, ct =[0x1952440ac911a45fafb373d443a58935]
  data[ 129] = 1012122745, ct =[0xb82ab4052956e7e207ed10d742871ad0]
  data[ 130] = 1023783643, ct =[0x763d93bcd47166633cf95524ce4a7c02]
  data[ 131] = 1047951178, ct =[0x27458d853abe877cb8c120bf6288b22b]
  data[ 132] = 1056892541, ct =[0x5f185fc1ca83f6f5d26ae813c8a870e5]
  data[ 133] = 1060295336, ct =[0xcddb81abca3563ed7962b086dabb707f]
  data[ 134] = 1078979908, ct =[0x0ef1a7f316c0f2b9eb6a145e5571808b]
  data[ 135] = 1087705622, ct =[0x970e3b68779723e1d07b072572d385cd]
  data[ 136] = 1089337673, ct =[0xa2b3a0b9613210a407047846e5ea4b08]
  data[ 137] = 1089830115, ct =[0x6aa7a67beca21e69fbb6b0dac4d233b2]
  data[ 138] = 1101440798, ct =[0x086471c86d728c6e9be90e3fbf094912]
  data[ 139] = 1103127905, ct =[0x65b19341fd304b5ba81991cc92836ff6]
  data[ 140] = 1108524190, ct =[0x2cd78e56a6ff76d68bc3d3e11b0d6ab0]
  data[ 141] = 1120015008, ct =[0x456653b7efb826e118b5f19c13e4fd4a]
  data[ 142] = 1145529189, ct =[0xc090fe7b064dec56cd9e5ca05b4c9157]
  data[ 143] = 1147205439, ct =[0xc920236cba391cd4bb78bb78cde26d08]
  data[ 144] = 1155448068, ct =[0x109ab246cd51866f05b3e96d448992a6]
  data[ 145] = 1166254323, ct =[0x94707c183d6ec15e6e88a5d54691e1cf]
  data[ 146] = 1176415705, ct =[0x2bb95d7390d16b1995e5fbc80dba90f8]
  data[ 147] = 1179644719, ct =[0x46c5285e95adc7845ddbdd2623ecae32]
  data[ 148] = 1192189316, ct =[0xb755b1f4a3008f414b86a830a0c4d10a]
  data[ 149] = 1200596575, ct =[0xb461cafd064dc871067d9b5e0788b413]
  data[ 150] = 1209526912, ct =[0x700b9f02ad21cce7d243e02805af8922]
  data[ 151] = 1209910798, ct =[0x8bfaf2d29b0fcb7b3c9036125b0069a3]
  data[ 152] = 1211613084, ct =[0xac7366aec43a0a90cd75583e7743b6dc]
  data[ 153] = 1222910985, ct =[0x8f133f916dc83165f807779c2c9f7765]
  data[ 154] = 1234168690, ct =[0xc0276f103701d36e2d43ff11678b18a5]
  data[ 155] = 1234386624, ct =[0xed0b25b6d36603a9437099aa6e36da07]
  data[ 156] = 1234661697, ct =[0x4e5866ba61c0fba548b3c619b345c397]
  data[ 157] = 1235731124, ct =[0xde1d4476303ca84b882ae4c5ec70888c]
  data[ 158] = 1241618063, ct =[0x014928258583d02671ba09066351bec5]
  data[ 159] = 1246724540, ct =[0x4497bddd1150744ce2f8e41eaf9e374f]
  data[ 160] = 1257568216, ct =[0x2aa651df9f400638c9ac058f0a2a20d0]
  data[ 161] = 1260188232, ct =[0x07a242b558e61c40ca2c30f02d224aca]
  data[ 162] = 1263887309, ct =[0x378e0169cffe640337b3e88d6c14038e]
  data[ 163] = 1270895212, ct =[0xf3da15ca3e4941f6c8ed60c24887044a]
  data[ 164] = 1272538162, ct =[0x48abfbf8f4ab153246ed6e4515572acc]
  data[ 165] = 1289321942, ct =[0x92a241db0478e3d0523b1a459f4f47cc]
  data[ 166] = 1299889762, ct =[0xb70aa0604828110969d859c447006dbe]
  data[ 167] = 1318176750, ct =[0x276c418dfa983775edd2817fe6589bf0]
  data[ 168] = 1318581262, ct =[0xceaf371be1d75b592f9f989110fe6f43]
  data[ 169] = 1323012705, ct =[0x6c91b94c6021030831db1e029d30ce64]
  data[ 170] = 1329087426, ct =[0x1e5dc29a758708e85149c2e88b3f4079]
  data[ 171] = 1335721029, ct =[0x46872c36278854cdf71a3c6af1daf8b0]
  data[ 172] = 1339213488, ct =[0x2072722a7aa4d07f3342f66cfa87ac21]
  data[ 173] = 1359013739, ct =[0xb28cc4382f71292a8c5648f6fec98099]
  data[ 174] = 1368965878, ct =[0xc525ebb7c179fab919944a84c5928f2e]
  data[ 175] = 1379632534, ct =[0xfbc95ce500f974a387e162c370d15e30]
  data[ 176] = 1389122708, ct =[0x29269ed53dfd1c4aa7c65fd88f0894c2]
  data[ 177] = 1398721121, ct =[0x787f167713e3c685c7d5ec171a8bd411]
  data[ 178] = 1406039206, ct =[0x55b6777a91c9d616d64f209af100a5ed]
  data[ 179] = 1420558369, ct =[0xcb866e5272989067ff5ee8e18c56b149]
  data[ 180] = 1420725314, ct =[0x059fb1a8dbb18ca0987ec136598a90c1]
  data[ 181] = 1420917712, ct =[0x472cec2d6a7ef3d1b46fee4b7230c5e9]
  data[ 182] = 1421469273, ct =[0x7b12a82e678412cd78b41a29e028ec80]
  data[ 183] = 1425238041, ct =[0xe44064c2628563709cb8ea0e5102e3e3]
  data[ 184] = 1428038048, ct =[0xed1508b6c9855a971ce1f72767b46c2d]
  data[ 185] = 1430009653, ct =[0x91498988475af78b5676c1ac313b8dcc]
  data[ 186] = 1430810197, ct =[0x5eb06d72d62b24d37e4eaaa4e9fc5ec8]
  data[ 187] = 1440857754, ct =[0x6686ef0e6480bd2ec09a0412d723e57b]
  data[ 188] = 1444814733, ct =[0x1475c0948d30949ac96b0cb00c608d23]
  data[ 189] = 1447977771, ct =[0xbb47995fcb6c2acf02510cf87be3a63d]
  data[ 190] = 1461076850, ct =[0x9e625431da625ea1d0b7cb2b25930a94]
  data[ 191] = 1476352818, ct =[0xf48806dfcb139a18565f8c99bce0f569]
  data[ 192] = 1486504159, ct =[0xbde5fa43dfc6c6744d3b580f8cbd72da]
  data[ 193] = 1508006009, ct =[0x6163c4961a97c67c0148d91947f0e57a]
  data[ 194] = 1527575606, ct =[0xb01b746826623b666f7e355300f23546]
  data[ 195] = 1568319821, ct =[0x4b0f4b29408a3d337b6e262d07e309c3]
  data[ 196] = 1576772508, ct =[0xff30284a3b1de9db6be4a84d66d733a3]
  data[ 197] = 1583168389, ct =[0xae8983940d518349066cf683d113d9ef]
  data[ 198] = 1593506036, ct =[0x06d658101bc23da3dd21c09c2bd65d10]
  data[ 199] = 1622971356, ct =[0x361e00ab19b1e343ee5602ed968e4153]
  data[ 200] = 1623863471, ct =[0x442360d489e8c4036fa92faaa6dd83be]
  data[ 201] = 1638710261, ct =[0xf17cd0ca6407932e8a6b33547fd96c5a]
  data[ 202] = 1643406040, ct =[0x7b3c154aec5e2bb018010e5d63e8292a]
  data[ 203] = 1650616339, ct =[0x30bb787a36616db762daf3eb4c9ac0ea]
  data[ 204] = 1656260777, ct =[0xbd47efcbf215f7fa9d7d9993dd03be81]
  data[ 205] = 1666858339, ct =[0xd4e309d0e99c1603ac2ba94de80315a0]
  data[ 206] = 1673132053, ct =[0x07d38d484260b4f0fd6544e5ffe8e8e7]
  data[ 207] = 1677488836, ct =[0xb9f3d839fecdf3b18f295c7d3b65ebf4]
  data[ 208] = 1687105730, ct =[0xb9901009753b8fcdd3098d0e2dfcb5cc]
  data[ 209] = 1701066045, ct =[0x06fa755e17effcf44f1cb0b08ad209fd]
  data[ 210] = 1710225514, ct =[0x232cc19039ab0fceefe10438312477af]
  data[ 211] = 1712216357, ct =[0xf3c184008cd8b95d3d8a5ea555cc9e85]
  data[ 212] = 1712997292, ct =[0xf96524206d0b016252f4638b78339a76]
  data[ 213] = 1716772532, ct =[0x3f1a4717648b43a6960f2d66e88e2e47]
  data[ 214] = 1718789879, ct =[0x27d803ed883b594d8538349f885ee5f5]
  data[ 215] = 1726956146, ct =[0x961a02834600a81d1e9ef288c017859b]
  data[ 216] = 1732360480, ct =[0xb1bfd31ea79762113752dfa8763a0c3b]
  data[ 217] = 1738658012, ct =[0x050913551fa884f9354bd71cfea2bd37]
  data[ 218] = 1751045125, ct =[0xd75597485446582f02b0a05710822cf0]
  data[ 219] = 1777719775, ct =[0xab171d3c742daf39a1d6d4d4b69f916d]
  data[ 220] = 1783561335, ct =[0xfe15bd5f417b219b1252410707064d66]
  data[ 221] = 1783782943, ct =[0xfa709f76eb83218133b3f6400b2530a6]
  data[ 222] = 1796081714, ct =[0x6a7eb56e1c1ecdf8f63de83a78068882]
  data[ 223] = 1796466456, ct =[0xb8cc493f49d9df89a19644bb0149aabf]
  data[ 224] = 1799760274, ct =[0xda20379f1a26ed5a797a655638c11e6e]
  data[ 225] = 1802771599, ct =[0xb6555f82d77d4e09bea9e6cad86b63f6]
  data[ 226] = 1817228439, ct =[0x761be3697c90cc92218b64c8af4bc0b0]
  data[ 227] = 1826661969, ct =[0xb67d821789932ef97b7adac36f40618f]
  data[ 228] = 1834123908, ct =[0x7b8ea2005e12d24f2bbf93a30673521e]
  data[ 229] = 1855266261, ct =[0x65ce7ca92ae8ae643183eae4bfad0f07]
  data[ 230] = 1901726176, ct =[0x7f8f4d910bc1210d343b9bff11be69bf]
  data[ 231] = 1905486595, ct =[0xfd87cfba7d9f9fc5691078130b3c0604]
  data[ 232] = 1907784133, ct =[0x6e98b4228d0e3426b9b67c48d43d48f5]
  data[ 233] = 1909791124, ct =[0xf7a9440cf1b3329b7f7cc658f99427a6]
  data[ 234] = 1913020820, ct =[0x098bede3602ba108abfbcbf5c86bf900]
  data[ 235] = 1929070141, ct =[0xf98f5b455d9c90571cf173db9674a532]
  data[ 236] = 1934076802, ct =[0x9e78e39b5791a0c5f820a3bc420913d2]
  data[ 237] = 1982954693, ct =[0xcc646fc48d6e9d4aa6c4eb10b8d83b6d]
  data[ 238] = 1984441864, ct =[0x50af2b79a61355f7dbb65461e96b66b3]
  data[ 239] = 2017807180, ct =[0xd73f5b26c1c082e1b2c2c7c56a3c7929]
  data[ 240] = 2026224004, ct =[0x7bfb32fc0f525a2f644a1ad274a86caa]
  data[ 241] = 2027525011, ct =[0xfaf32156edd415fdb5fbb46021d5edc2]
  data[ 242] = 2032060776, ct =[0x03034d8374118e53bd3ea6ce7e6f3067]
  data[ 243] = 2032568283, ct =[0x8d8207c8f1b4f908c5d6773798d44143]
  data[ 244] = 2037991625, ct =[0xf1307682cb88d8730f373ca575328c0d]
  data[ 245] = 2053829453, ct =[0x077bf3efdf4afa4c1cd525cbc50a4aa8]
  data[ 246] = 2069512245, ct =[0x1a4e107f1314bebca330e8a4c74027c9]
  data[ 247] = 2072323436, ct =[0x3f6a21367683a113f2ba47ad680051fe]
  data[ 248] = 2085111990, ct =[0xdc0a896726363d0674923b30ccc72616]
  data[ 249] = 2108132720, ct =[0x6df78c05cfd03d2a8e67d57984c9b750]
  data[ 250] = 2109397741, ct =[0x63d2d5d1b1a1ddef511b81616565cda6]
  data[ 251] = 2110578116, ct =[0xc295aaded42e174060b1ea2549b7b754]
  data[ 252] = 2123974327, ct =[0x8a82aa1c2f41a90e29e10d3f0476ca1b]
  data[ 253] = 2125459910, ct =[0x4f48c8d8c8f9666def04b8c1156214e4]
  data[ 254] = 2133339313, ct =[0xc8022fa759f420add8b699bd7205e4a1]
  data[ 255] = 2145836301, ct =[0xd7fd689e64bbf979d5c32a2b2431b4b8]
INFO: 9216 swaps executed.
INFO: data is properly sorted.
