--- Test 0 ---
INFO: KMSM contract open succeeded.
INFO: running with loaded data contract.
SUCCESS: Mojo-V data contract validated and loaded.
Decrypted data_contract_t fields:
  salt        = 0xa08e2f1e9138f969
  sig         = "Mojo-V ver. #001"
  sym_key_128 = 0xed724bfac286f7033e9a998aded176ff
  contract_sig= 0xe18c51589dde18ff
  ciphers     = 0x0000000000000000
  format_sel  = 2 (proofcarrying)
Gene-risk safe disclosure demo
  encrypted SNP markers: 8
  debug: risk score grant valid: yes
  debug: risk bucket grant valid: yes
INFO: Running gene-risk Mojo-V test 0...
  disclosed polygenic risk score: 96
  disclosed risk bucket: 0 (0=low, 1=medium, 2=high)
SUCCESS: disclosed risk_score (96) and risk bucket (low).
SUCCESS: raw genetic markers remain encrypted; only granted clinical result was disclosed.
--- Test 1 ---
INFO: KMSM contract open succeeded.
INFO: running with loaded data contract.
SUCCESS: Mojo-V data contract validated and loaded.
Decrypted data_contract_t fields:
  salt        = 0xa08e2f1e9138f969
  sig         = "Mojo-V ver. #001"
  sym_key_128 = 0xed724bfac286f7033e9a998aded176ff
  contract_sig= 0xe18c51589dde18ff
  ciphers     = 0x0000000000000000
  format_sel  = 2 (proofcarrying)
Gene-risk safe disclosure demo
  encrypted SNP markers: 8
  debug: risk score grant valid: yes
  debug: risk bucket grant valid: yes
INFO: Running gene-risk Mojo-V test 1...
  negative test: disclose risk_bucket with risk_score_grant.
ERROR: *** TRAP ***
  mcause = 0x1f (Mojo-V security exception)
  mtval  = 0x03de052b
ERROR: failure with termination code `1'
--- Test 2 ---
INFO: KMSM contract open succeeded.
INFO: running with loaded data contract.
SUCCESS: Mojo-V data contract validated and loaded.
Decrypted data_contract_t fields:
  salt        = 0xa08e2f1e9138f969
  sig         = "Mojo-V ver. #001"
  sym_key_128 = 0xed724bfac286f7033e9a998aded176ff
  contract_sig= 0xe18c51589dde18ff
  ciphers     = 0x0000000000000000
  format_sel  = 2 (proofcarrying)
Gene-risk safe disclosure demo
  encrypted SNP markers: 8
  debug: risk score grant valid: yes
  debug: risk bucket grant valid: yes
INFO: Running gene-risk Mojo-V test 2...
  negative test: disclose encrypted_markers[0] with risk_score_grant.
ERROR: *** TRAP ***
  mcause = 0x1f (Mojo-V security exception)
  mtval  = 0x03de052b
ERROR: failure with termination code `1'
--- Test 3 ---
INFO: KMSM contract open succeeded.
INFO: running with loaded data contract.
SUCCESS: Mojo-V data contract validated and loaded.
Decrypted data_contract_t fields:
  salt        = 0xa08e2f1e9138f969
  sig         = "Mojo-V ver. #001"
  sym_key_128 = 0xed724bfac286f7033e9a998aded176ff
  contract_sig= 0xe18c51589dde18ff
  ciphers     = 0x0000000000000000
  format_sel  = 2 (proofcarrying)
Gene-risk safe disclosure demo
  encrypted SNP markers: 8
  debug: risk score grant valid: yes
  debug: risk bucket grant valid: yes
INFO: Running gene-risk Mojo-V test 3...
  negative test: disclose risk_score with risk_bucket_grant.
ERROR: *** TRAP ***
  mcause = 0x1f (Mojo-V security exception)
  mtval  = 0x03de052b
ERROR: failure with termination code `1'
--- Test 4 ---
INFO: KMSM contract open succeeded.
INFO: running with loaded data contract.
SUCCESS: Mojo-V data contract validated and loaded.
Decrypted data_contract_t fields:
  salt        = 0xa08e2f1e9138f969
  sig         = "Mojo-V ver. #001"
  sym_key_128 = 0xed724bfac286f7033e9a998aded176ff
  contract_sig= 0xe18c51589dde18ff
  ciphers     = 0x0000000000000000
  format_sel  = 2 (proofcarrying)
Gene-risk safe disclosure demo
  encrypted SNP markers: 8
  debug: risk score grant valid: yes
  debug: risk bucket grant valid: yes
INFO: Running gene-risk Mojo-V test 4...
  negative test: disclose risk_score with bogus datagrant ciphertext.
ERROR: *** TRAP ***
  mcause = 0x1f (Mojo-V security exception)
  mtval  = 0x03de0f2b
ERROR: failure with termination code `1'
--- Test 5 ---
INFO: KMSM contract open succeeded.
INFO: running with loaded data contract.
SUCCESS: Mojo-V data contract validated and loaded.
Decrypted data_contract_t fields:
  salt        = 0xa08e2f1e9138f969
  sig         = "Mojo-V ver. #001"
  sym_key_128 = 0xed724bfac286f7033e9a998aded176ff
  contract_sig= 0xe18c51589dde18ff
  ciphers     = 0x0000000000000000
  format_sel  = 2 (proofcarrying)
Gene-risk safe disclosure demo
  encrypted SNP markers: 8
  debug: risk score grant valid: yes
  debug: risk bucket grant valid: yes
INFO: Running gene-risk Mojo-V test 5...
  negative test: disclose risk_score with tampered datagrant dfhash.
ERROR: *** TRAP ***
  mcause = 0x1f (Mojo-V security exception)
  mtval  = 0x03de052b
ERROR: failure with termination code `1'
--- Test 6 ---
INFO: KMSM contract open succeeded.
INFO: running with loaded data contract.
SUCCESS: Mojo-V data contract validated and loaded.
Decrypted data_contract_t fields:
  salt        = 0xa08e2f1e9138f969
  sig         = "Mojo-V ver. #001"
  sym_key_128 = 0xed724bfac286f7033e9a998aded176ff
  contract_sig= 0xe18c51589dde18ff
  ciphers     = 0x0000000000000000
  format_sel  = 2 (proofcarrying)
Gene-risk safe disclosure demo
  encrypted SNP markers: 8
  debug: risk score grant valid: yes
  debug: risk bucket grant valid: yes
INFO: Running gene-risk Mojo-V test 6...
  negative test: disclose modified genome score with stale risk_score_grant.
ERROR: *** TRAP ***
  mcause = 0x1f (Mojo-V security exception)
  mtval  = 0x03de052b
ERROR: failure with termination code `1'
--- Test 7 ---
INFO: KMSM contract open succeeded.
INFO: running with loaded data contract.
SUCCESS: Mojo-V data contract validated and loaded.
Decrypted data_contract_t fields:
  salt        = 0xa08e2f1e9138f969
  sig         = "Mojo-V ver. #001"
  sym_key_128 = 0xed724bfac286f7033e9a998aded176ff
  contract_sig= 0xe18c51589dde18ff
  ciphers     = 0x0000000000000000
  format_sel  = 2 (proofcarrying)
Gene-risk safe disclosure demo
  encrypted SNP markers: 8
  debug: risk score grant valid: yes
  debug: risk bucket grant valid: yes
INFO: Running gene-risk Mojo-V test 7...
  negative test: disclose risk_score plus encrypted_one with risk_score_grant.
ERROR: *** TRAP ***
  mcause = 0x1f (Mojo-V security exception)
  mtval  = 0x03de052b
ERROR: failure with termination code `1'
--- Test 8 ---
INFO: KMSM contract open succeeded.
INFO: running with loaded data contract.
SUCCESS: Mojo-V data contract validated and loaded.
Decrypted data_contract_t fields:
  salt        = 0xa08e2f1e9138f969
  sig         = "Mojo-V ver. #001"
  sym_key_128 = 0xed724bfac286f7033e9a998aded176ff
  contract_sig= 0xe18c51589dde18ff
  ciphers     = 0x0000000000000000
  format_sel  = 2 (proofcarrying)
Gene-risk safe disclosure demo
  encrypted SNP markers: 8
  debug: risk score grant valid: yes
  debug: risk bucket grant valid: yes
INFO: Running gene-risk Mojo-V test 8...
  negative test: disclose risk_score plus immediate one with risk_score_grant.
ERROR: *** TRAP ***
  mcause = 0x1f (Mojo-V security exception)
  mtval  = 0x03de052b
ERROR: failure with termination code `1'
--- Test 9 ---
INFO: KMSM contract open succeeded.
INFO: running with loaded data contract.
SUCCESS: Mojo-V data contract validated and loaded.
Decrypted data_contract_t fields:
  salt        = 0xa08e2f1e9138f969
  sig         = "Mojo-V ver. #001"
  sym_key_128 = 0xed724bfac286f7033e9a998aded176ff
  contract_sig= 0xe18c51589dde18ff
  ciphers     = 0x0000000000000000
  format_sel  = 2 (proofcarrying)
Gene-risk safe disclosure demo
  encrypted SNP markers: 8
  debug: risk score grant valid: yes
  debug: risk bucket grant valid: yes
INFO: Running gene-risk Mojo-V test 9...
  negative test: disclose intermediate high-risk predicate with risk_score_grant.
ERROR: *** TRAP ***
  mcause = 0x1f (Mojo-V security exception)
  mtval  = 0x03de052b
ERROR: failure with termination code `1'
