INFO: KMSM contract open succeeded.
INFO: running with loaded data contract.
SUCCESS: Mojo-V data contract validated and loaded.
Decrypted data_contract_t fields:
  salt        = 0xa1bd51183082e0ca
  sig         = "Mojo-V ver. #001"
  sym_key_128 = 0x27a48e9de04eadbc5297fe6330cea7d6
  contract_sig= 0x5d34f1ad3b2327b3
  ciphers     = 0x0000000000000000
  format_sel  = 0 (fast)
Matched Packet #5:
Packet Details:
 Source IP: 24.24.126.233
 Destination IP: 192.168.165.244
 Source Port: 29447
 Destination Port: 33556
 Protocol: 6
 Payload: XNIZXWLOJQQBMXTZAWLBVFYXCSGHJXHPHCAMVEJQJCGYWSXDHHCKKGBLJYUIWUL
------------------------------
Matched Packet #37:
Packet Details:
 Source IP: 47.82.219.236
 Destination IP: 192.168.174.44
 Source Port: 23862
 Destination Port: 61858
 Protocol: 6
 Payload: GZJBPOMHFKTQVVJTVKMDMALTLKZRMQCBHROVQWVCROREJONHGSBOOXNUPKRRBHV
------------------------------
