INFO: KMSM contract open succeeded.
INFO: running with loaded data contract.
SUCCESS: Mojo-V data contract validated and loaded.
Decrypted data_contract_t fields:
  salt        = 0xa1bd51183082e0ca
  sig         = "Mojo-V ver. #001"
  sym_key_128 = 0x27a48e9de04eadbc5297fe6330cea7d6
  contract_sig= 0x5d34f1ad3b2327b3
  ciphers     = 0x0000000000000000
  format_sel  = 0 (fast)
Solve Kepler's Eq via simple iteration for test parameters...
E = 0.448273
Solve Kepler's Eq via Newton's method for SpaceX Tesla...
E = -0.327496
Solve Kepler's Eq via binary search for Haley's comet...
E = 1.635008
Solve Kepler's Eq via power series for Earth's orbit...
E = -0.024543
Solve Kepler's Eq via Fourier Bessel series for Pluto's orbit...
E = 0.335265
