INFO: KMSM contract open succeeded.
INFO: running with loaded data contract.
SUCCESS: Mojo-V data contract validated and loaded.
Decrypted data_contract_t fields:
  salt        = 0xa1bd51183082e0ca
  sig         = "Mojo-V ver. #001"
  sym_key_128 = 0x27a48e9de04eadbc5297fe6330cea7d6
  contract_sig= 0x5d34f1ad3b2327b3
  ciphers     = 0x0000000000000000
  format_sel  = 0 (fast)
       Home    z-mall  st.pet  office  school  motel   restr.  library airport barber  
Home           0       0       0       0       4       0       0       2       9       0
z-mall         0       0       3       0       9       0       4       1       0       8
st.pet         0       3       0       3       1       5       5       6       0       1
office         0       0       3       0       2       1       0       0       0       0
school         4       9       1       2       0       7       8       2       0       6
motel          0       0       5       1       7       0       0       2       7       0
restr.         0       4       5       0       8       0       0       4       0       6
library        2       1       6       0       2       2       4       0       7       8
airport        9       0       0       0       0       7       0       7       0       8
barber         0       8       1       0       6       0       6       8       8       0


minimum spanning tree:
  z-mall   <-1-> library 
  st.pet   <-1-> school  
  office   <-2-> school  
  school   <-2-> library 
  motel    <-1-> office  
  restr.   <-4-> library 
  library  <-2-> Home    
  airport  <-7-> library 
  barber   <-1-> st.pet  
total cost = 21
