INFO: KMSM contract open succeeded.
INFO: running with loaded data contract.
SUCCESS: Mojo-V data contract validated and loaded.
Decrypted data_contract_t fields:
  salt        = 0xa1bd51183082e0ca
  sig         = "Mojo-V ver. #001"
  sym_key_128 = 0x27a48e9de04eadbc5297fe6330cea7d6
  contract_sig= 0x5d34f1ad3b2327b3
  ciphers     = 0x0000000000000000
  format_sel  = 0 (fast)
Max value: 573
Selected packs:
  Package 48 with wt=9 and val=11
  Package 47 with wt=30 and val=49
  Package 43 with wt=9 and val=26
  Package 42 with wt=11 and val=28
  Package 41 with wt=33 and val=43
  Package 38 with wt=3 and val=44
  Package 37 with wt=13 and val=34
  Package 31 with wt=29 and val=49
  Package 30 with wt=21 and val=44
  Package 26 with wt=1 and val=16
  Package 22 with wt=31 and val=46
  Package 20 with wt=2 and val=50
  Package 19 with wt=3 and val=10
  Package 15 with wt=16 and val=37
  Package 14 with wt=7 and val=42
  Package 7 with wt=15 and val=22
  Package 4 with wt=15 and val=22
Total weight: 248
