INFO: KMSM contract open succeeded.
INFO: running with loaded data contract.
SUCCESS: Mojo-V data contract validated and loaded.
Decrypted data_contract_t fields:
  salt        = 0xa1bd51183082e0ca
  sig         = "Mojo-V ver. #001"
  sym_key_128 = 0x27a48e9de04eadbc5297fe6330cea7d6
  contract_sig= 0x5d34f1ad3b2327b3
  ciphers     = 0x0000000000000000
  format_sel  = 0 (fast)
risk-score patient=0 score=123 tier=MODERATE
risk-score patient=1 score=175 tier=MODERATE
risk-score patient=2 score=226 tier=HIGH
risk-score patient=3 score=277 tier=HIGH
risk-score patient=4 score=146 tier=MODERATE
risk-score patient=5 score=276 tier=HIGH
risk-score patient=6 score=309 tier=HIGH
risk-score patient=7 score=185 tier=HIGH
risk-score patient=8 score=333 tier=HIGH
risk-score patient=9 score=164 tier=MODERATE
risk-score: encrypted scoring completed for 10 patients
