INFO: KMSM contract open succeeded.
INFO: running with loaded data contract.
SUCCESS: Mojo-V data contract validated and loaded.
Decrypted data_contract_t fields:
  salt        = 0xa1bd51183082e0ca
  sig         = "Mojo-V ver. #001"
  sym_key_128 = 0x27a48e9de04eadbc5297fe6330cea7d6
  contract_sig= 0x5d34f1ad3b2327b3
  ciphers     = 0x0000000000000000
  format_sel  = 0 (fast)
setA:
  setA[0] = 776
  setA[1] = 1124
  setA[2] = 2180
  setA[3] = 3696
  setA[4] = 3471
  setA[5] = 572
  setA[6] = 1912
  setA[7] = 1108
  setA[8] = 1121
  setA[9] = 894
  setA[10] = 453
  setA[11] = 3468
  setA[12] = 4241
  setA[13] = 1356
  setA[14] = 840
  setA[15] = 4002
  setA[16] = 2309
  setA[17] = 4700
  setA[18] = 1229
  setA[19] = 1667
  setA[20] = 4273
  setA[21] = 4190
  setA[22] = 2425
  setA[23] = 4297
  setA[24] = 1633
  setA[25] = 1456
  setA[26] = 705
  setA[27] = 480
  setA[28] = 3369
  setA[29] = 1599
  setA[30] = 3060
  setA[31] = 1335
  setA[32] = 4591
  setA[33] = 4618
  setA[34] = 1694
  setA[35] = 4540
  setA[36] = 2017
  setA[37] = 11
  setA[38] = 4799
  setA[39] = 2919
  setA[40] = 1761
  setA[41] = 3960
  setA[42] = 878
  setA[43] = 3326
  setA[44] = 1339
  setA[45] = 1823
  setA[46] = 2754
  setA[47] = 3836
  setA[48] = 4341
  setA[49] = 1234
  setA[50] = 375
  setA[51] = 4775
  setA[52] = 3098
  setA[53] = 1040
  setA[54] = 125
  setA[55] = 2712
  setA[56] = 4879
  setA[57] = 336
  setA[58] = 3439
  setA[59] = 2499
  setA[60] = 1357
  setA[61] = 4453
  setA[62] = 2161
  setA[63] = 4737
  setA[64] = 3069
  setA[65] = 3322
  setA[66] = 4251
  setA[67] = 1910
  setA[68] = 4721
  setA[69] = 356
  setA[70] = 2190
  setA[71] = 2110
  setA[72] = 4741
  setA[73] = 3436
  setA[74] = 613
  setA[75] = 66
  setA[76] = 3690
  setA[77] = 274
  setA[78] = 4579
  setA[79] = 197
  setA[80] = 3408
  setA[81] = 777
  setA[82] = 2523
  setA[83] = 3131
  setA[84] = 3448
  setA[85] = 3336
  setA[86] = 4133
  setA[87] = 3232
  setA[88] = 261
  setA[89] = 1006
  setA[90] = 606
  setA[91] = 4597
  setA[92] = 4646
  setA[93] = 4659
  setA[94] = 1134
  setA[95] = 342
  setA[96] = 3068
  setA[97] = 622
  setA[98] = 2426
  setA[99] = 2943
  setA[100] = 2297
  setA[101] = 1624
  setA[102] = 3739
  setA[103] = 4206
  setA[104] = 1790
  setA[105] = 3653
  setA[106] = 3317
  setA[107] = 730
  setA[108] = 115
  setA[109] = 583
  setA[110] = 2986
  setA[111] = 3986
  setA[112] = 4993
  setA[113] = 1697
  setA[114] = 1093
  setA[115] = 4952
  setA[116] = 1668
  setA[117] = 1952
  setA[118] = 2741
  setA[119] = 2708
  setA[120] = 4821
  setA[121] = 830
  setA[122] = 3365
  setA[123] = 514
  setA[124] = 1178
  setA[125] = 4762
  setA[126] = 4446
  setA[127] = 1969
  setA[128] = 2673
  setA[129] = 3488
  setA[130] = 1625
  setA[131] = 3316
  setA[132] = 3216
  setA[133] = 2454
  setA[134] = 1045
  setA[135] = 3856
  setA[136] = 4653
  setA[137] = 2409
  setA[138] = 1013
  setA[139] = 3012
  setA[140] = 3800
  setA[141] = 3048
  setA[142] = 4910
  setA[143] = 1755
  setA[144] = 3423
  setA[145] = 3
  setA[146] = 4189
  setA[147] = 2534
  setA[148] = 270
  setA[149] = 2441
  setA[150] = 796
  setA[151] = 4313
  setA[152] = 1301
  setA[153] = 3809
  setA[154] = 2962
  setA[155] = 1864
  setA[156] = 2476
  setA[157] = 1261
  setA[158] = 2905
  setA[159] = 736
  setA[160] = 484
  setA[161] = 2705
  setA[162] = 2771
  setA[163] = 4232
  setA[164] = 2991
  setA[165] = 1416
  setA[166] = 798
  setA[167] = 2318
  setA[168] = 1595
  setA[169] = 3116
  setA[170] = 8
  setA[171] = 2123
  setA[172] = 3041
  setA[173] = 999
  setA[174] = 4740
  setA[175] = 3283
  setA[176] = 2508
  setA[177] = 4050
  setA[178] = 1509
  setA[179] = 439
  setA[180] = 1942
  setA[181] = 4316
  setA[182] = 3290
  setA[183] = 3500
  setA[184] = 141
  setA[185] = 642
  setA[186] = 2745
  setA[187] = 1850
  setA[188] = 4159
  setA[189] = 1036
  setA[190] = 314
  setA[191] = 4693
  setA[192] = 2818
  setA[193] = 1802
  setA[194] = 1262
  setA[195] = 2720
  setA[196] = 2479
  setA[197] = 2292
  setA[198] = 142
  setA[199] = 3785
  setA[200] = 1594
  setA[201] = 1176
  setA[202] = 1750
  setA[203] = 231
  setA[204] = 1009
  setA[205] = 2871
  setA[206] = 3908
  setA[207] = 1405
  setA[208] = 1990
  setA[209] = 1029
  setA[210] = 94
  setA[211] = 985
  setA[212] = 4719
  setA[213] = 212
  setA[214] = 3501
  setA[215] = 4534
  setA[216] = 4377
  setA[217] = 2053
  setA[218] = 3162
  setA[219] = 3831
  setA[220] = 4051
  setA[221] = 4004
  setA[222] = 4327
  setA[223] = 4323
  setA[224] = 820
  setA[225] = 4733
  setA[226] = 3643
  setA[227] = 2738
  setA[228] = 2532
  setA[229] = 3982
  setA[230] = 1575
  setA[231] = 4908
  setA[232] = 2541
  setA[233] = 1251
  setA[234] = 3389
  setA[235] = 3339
  setA[236] = 2245
  setA[237] = 3554
  setA[238] = 3659
  setA[239] = 322
  setA[240] = 2553
  setA[241] = 3684
  setA[242] = 4996
  setA[243] = 3097
  setA[244] = 1714
  setA[245] = 3084
  setA[246] = 1634
  setA[247] = 3063
  setA[248] = 2864
  setA[249] = 1146
  setA[250] = 1052
  setA[251] = 4717
  setA[252] = 1223
  setA[253] = 4031
  setA[254] = 4728
  setA[255] = 3849
  setA[256] = 1362
  setA[257] = 3085
  setA[258] = 591
  setA[259] = 3760
  setA[260] = 1000
  setA[261] = 710
  setA[262] = 3382
  setA[263] = 4528
  setA[264] = 2526
  setA[265] = 3505
  setA[266] = 4427
  setA[267] = 1192
  setA[268] = 247
  setA[269] = 3771
  setA[270] = 1256
  setA[271] = 3983
  setA[272] = 1916
  setA[273] = 3710
  setA[274] = 3225
  setA[275] = 2415
  setA[276] = 711
  setA[277] = 2781
  setA[278] = 631
  setA[279] = 3534
  setA[280] = 4894
  setA[281] = 1044
  setA[282] = 626
  setA[283] = 3551
  setA[284] = 1502
  setA[285] = 2223
  setA[286] = 2753
  setA[287] = 1490
  setA[288] = 2125
  setA[289] = 1670
  setA[290] = 994
  setA[291] = 319
  setA[292] = 98
  setA[293] = 961
  setA[294] = 1683
  setA[295] = 3211
  setA[296] = 4285
  setA[297] = 3190
  setA[298] = 2072
  setA[299] = 1789
  setA[300] = 2324
  setA[301] = 2820
  setA[302] = 1797
  setA[303] = 759
  setA[304] = 263
  setA[305] = 4423
  setA[306] = 1547
  setA[307] = 440
  setA[308] = 4264
  setA[309] = 4303
  setA[310] = 7
  setA[311] = 390
  setA[312] = 368
  setA[313] = 154
  setA[314] = 2878
  setA[315] = 4523
  setA[316] = 3021
  setA[317] = 2398
  setA[318] = 4656
  setA[319] = 1246
  setA[320] = 651
  setA[321] = 4999
  setA[322] = 4589
  setA[323] = 497
  setA[324] = 3638
  setA[325] = 3781
  setA[326] = 1500
  setA[327] = 2941
  setA[328] = 1254
  setA[329] = 3294
  setA[330] = 3207
  setA[331] = 3463
  setA[332] = 1522
  setA[333] = 4623
  setA[334] = 3180
  setA[335] = 4504
  setA[336] = 4742
  setA[337] = 4363
  setA[338] = 2749
  setA[339] = 4503
  setA[340] = 2348
  setA[341] = 3997
  setA[342] = 4644
  setA[343] = 3524
  setA[344] = 1738
  setA[345] = 529
  setA[346] = 1511
  setA[347] = 215
  setA[348] = 3466
  setA[349] = 1517
  setA[350] = 616
  setA[351] = 896
  setA[352] = 1425
  setA[353] = 2267
  setA[354] = 4490
  setA[355] = 4111
  setA[356] = 1080
  setA[357] = 4169
  setA[358] = 3491
  setA[359] = 3810
  setA[360] = 4199
  setA[361] = 2434
  setA[362] = 3000
  setA[363] = 2920
  setA[364] = 448
  setA[365] = 4647
  setA[366] = 1854
  setA[367] = 1835
  setA[368] = 3170
  setA[369] = 1217
  setA[370] = 4172
  setA[371] = 1427
  setA[372] = 1269
  setA[373] = 2240
  setA[374] = 2249
  setA[375] = 3082
  setA[376] = 1163
  setA[377] = 4997
  setA[378] = 4689
  setA[379] = 2129
  setA[380] = 1240
  setA[381] = 1169
  setA[382] = 3622
  setA[383] = 4270
  setA[384] = 4893
  setA[385] = 2319
  setA[386] = 1937
  setA[387] = 4943
  setA[388] = 264
  setA[389] = 1917
  setA[390] = 1860
  setA[391] = 4871
  setA[392] = 4291
  setA[393] = 3354
  setA[394] = 4963
  setA[395] = 3035
  setA[396] = 3153
  setA[397] = 2106
  setA[398] = 895
  setA[399] = 344
  setA[400] = 4038
  setA[401] = 4302
  setA[402] = 2783
  setA[403] = 2341
  setA[404] = 2175
  setA[405] = 1902
  setA[406] = 4127
  setA[407] = 4192
  setA[408] = 3349
  setA[409] = 979
  setA[410] = 1649
  setA[411] = 92
  setA[412] = 1174
  setA[413] = 1392
  setA[414] = 2012
  setA[415] = 2275
  setA[416] = 4263
  setA[417] = 2589
  setA[418] = 1271
  setA[419] = 3127
  setA[420] = 1496
  setA[421] = 4037
  setA[422] = 2032
  setA[423] = 2710
  setA[424] = 228
  setA[425] = 2413
  setA[426] = 14
  setA[427] = 124
  setA[428] = 393
  setA[429] = 2792
  setA[430] = 826
  setA[431] = 954
  setA[432] = 3237
  setA[433] = 2735
  setA[434] = 4436
  setA[435] = 671
  setA[436] = 1166
  setA[437] = 3945
  setA[438] = 3096
  setA[439] = 2955
  setA[440] = 2375
  setA[441] = 1704
  setA[442] = 602
  setA[443] = 3971
  setA[444] = 745
  setA[445] = 2405
  setA[446] = 2432
  setA[447] = 2203
  setA[448] = 2363
  setA[449] = 2896
  setA[450] = 3764
  setA[451] = 1710
  setA[452] = 4075
  setA[453] = 3753
  setA[454] = 2660
  setA[455] = 3375
  setA[456] = 3386
  setA[457] = 4612
  setA[458] = 4947
  setA[459] = 1843
  setA[460] = 2898
  setA[461] = 2535
  setA[462] = 3929
  setA[463] = 373
  setA[464] = 3787
  setA[465] = 199
  setA[466] = 4349
  setA[467] = 3661
  setA[468] = 3636
  setA[469] = 132
  setA[470] = 3834
  setA[471] = 4488
  setA[472] = 245
  setA[473] = 4552
  setA[474] = 3206
  setA[475] = 548
  setA[476] = 2095
  setA[477] = 4115
  setA[478] = 3519
  setA[479] = 1188
  setA[480] = 2803
  setA[481] = 4695
  setA[482] = 2172
  setA[483] = 2473
  setA[484] = 3980
  setA[485] = 2704
  setA[486] = 346
  setA[487] = 38
  setA[488] = 2560
  setA[489] = 2669
  setA[490] = 3718
  setA[491] = 4044
  setA[492] = 4811
  setA[493] = 2074
  setA[494] = 1622
  setA[495] = 221
  setA[496] = 400
  setA[497] = 1418
  setA[498] = 1413
  setA[499] = 1138
setB:
  setB[0] = 2138
  setB[1] = 589
  setB[2] = 1594
  setB[3] = 3396
  setB[4] = 4157
  setB[5] = 1614
  setB[6] = 4868
  setB[7] = 4528
  setB[8] = 4779
  setB[9] = 1242
  setB[10] = 152
  setB[11] = 3482
  setB[12] = 2507
  setB[13] = 2050
  setB[14] = 4425
  setB[15] = 21
  setB[16] = 1253
  setB[17] = 4796
  setB[18] = 1656
  setB[19] = 1481
  setB[20] = 189
  setB[21] = 2129
  setB[22] = 2579
  setB[23] = 4633
  setB[24] = 3822
  setB[25] = 4090
  setB[26] = 1030
  setB[27] = 3448
  setB[28] = 2821
  setB[29] = 3075
  setB[30] = 4610
  setB[31] = 4585
  setB[32] = 1784
  setB[33] = 2222
  setB[34] = 2681
  setB[35] = 3780
  setB[36] = 4656
  setB[37] = 1844
  setB[38] = 435
  setB[39] = 3994
  setB[40] = 2009
  setB[41] = 938
  setB[42] = 4699
  setB[43] = 2484
  setB[44] = 1219
  setB[45] = 729
  setB[46] = 931
  setB[47] = 689
  setB[48] = 3375
  setB[49] = 4336
  setB[50] = 1425
  setB[51] = 738
  setB[52] = 1992
  setB[53] = 1205
  setB[54] = 1103
  setB[55] = 1126
  setB[56] = 2194
  setB[57] = 1283
  setB[58] = 2457
  setB[59] = 2327
  setB[60] = 76
  setB[61] = 4129
  setB[62] = 646
  setB[63] = 45
  setB[64] = 3563
  setB[65] = 2533
  setB[66] = 3864
  setB[67] = 4716
  setB[68] = 1837
  setB[69] = 456
  setB[70] = 4544
  setB[71] = 2262
  setB[72] = 1653
  setB[73] = 3097
  setB[74] = 2248
  setB[75] = 3329
  setB[76] = 693
  setB[77] = 755
  setB[78] = 3064
  setB[79] = 2350
  setB[80] = 3319
  setB[81] = 2657
  setB[82] = 1595
  setB[83] = 737
  setB[84] = 2249
  setB[85] = 3485
  setB[86] = 4072
  setB[87] = 1950
  setB[88] = 4369
  setB[89] = 1307
  setB[90] = 2542
  setB[91] = 3036
  setB[92] = 4888
  setB[93] = 3214
  setB[94] = 4380
  setB[95] = 237
  setB[96] = 1102
  setB[97] = 3939
  setB[98] = 2544
  setB[99] = 4682
  setB[100] = 2420
  setB[101] = 214
  setB[102] = 1749
  setB[103] = 3112
  setB[104] = 4102
  setB[105] = 2562
  setB[106] = 2756
  setB[107] = 1211
  setB[108] = 3361
  setB[109] = 1222
  setB[110] = 1206
  setB[111] = 1437
  setB[112] = 4726
  setB[113] = 404
  setB[114] = 4565
  setB[115] = 1577
  setB[116] = 2604
  setB[117] = 2925
  setB[118] = 210
  setB[119] = 3272
  setB[120] = 1235
  setB[121] = 1105
  setB[122] = 4107
  setB[123] = 2841
  setB[124] = 676
  setB[125] = 143
  setB[126] = 447
  setB[127] = 1403
  setB[128] = 3468
  setB[129] = 426
  setB[130] = 1069
  setB[131] = 715
  setB[132] = 2548
  setB[133] = 2748
  setB[134] = 1286
  setB[135] = 1367
  setB[136] = 345
  setB[137] = 1260
  setB[138] = 2077
  setB[139] = 521
  setB[140] = 3779
  setB[141] = 735
  setB[142] = 1138
  setB[143] = 4511
  setB[144] = 849
  setB[145] = 182
  setB[146] = 65
  setB[147] = 1876
  setB[148] = 3222
  setB[149] = 2281
  setB[150] = 1037
  setB[151] = 4474
  setB[152] = 2810
  setB[153] = 1377
  setB[154] = 3467
  setB[155] = 2791
  setB[156] = 827
  setB[157] = 1348
  setB[158] = 4160
  setB[159] = 775
  setB[160] = 541
  setB[161] = 2688
  setB[162] = 3040
  setB[163] = 2427
  setB[164] = 3136
  setB[165] = 1889
  setB[166] = 882
  setB[167] = 1287
  setB[168] = 2835
  setB[169] = 2896
  setB[170] = 4031
  setB[171] = 361
  setB[172] = 4440
  setB[173] = 1477
  setB[174] = 3005
  setB[175] = 3897
  setB[176] = 234
  setB[177] = 4497
  setB[178] = 1613
  setB[179] = 3614
  setB[180] = 2080
  setB[181] = 3513
  setB[182] = 4714
  setB[183] = 1452
  setB[184] = 3177
  setB[185] = 952
  setB[186] = 4747
  setB[187] = 1902
  setB[188] = 4164
  setB[189] = 1851
  setB[190] = 4821
  setB[191] = 4590
  setB[192] = 3832
  setB[193] = 2863
  setB[194] = 647
  setB[195] = 1680
  setB[196] = 3501
  setB[197] = 621
  setB[198] = 2438
  setB[199] = 4823
  setB[200] = 2956
  setB[201] = 2337
  setB[202] = 3089
  setB[203] = 1620
  setB[204] = 1790
  setB[205] = 2256
  setB[206] = 4538
  setB[207] = 2800
  setB[208] = 3185
  setB[209] = 4262
  setB[210] = 2620
  setB[211] = 903
  setB[212] = 934
  setB[213] = 3302
  setB[214] = 4588
  setB[215] = 4098
  setB[216] = 4069
  setB[217] = 4541
  setB[218] = 1156
  setB[219] = 3553
  setB[220] = 1271
  setB[221] = 4476
  setB[222] = 2396
  setB[223] = 2137
  setB[224] = 596
  setB[225] = 316
  setB[226] = 2041
  setB[227] = 2699
  setB[228] = 672
  setB[229] = 3890
  setB[230] = 3659
  setB[231] = 3534
  setB[232] = 2031
  setB[233] = 1298
  setB[234] = 2576
  setB[235] = 645
  setB[236] = 3636
  setB[237] = 4776
  setB[238] = 2151
  setB[239] = 4343
  setB[240] = 3251
  setB[241] = 2082
  setB[242] = 1218
  setB[243] = 2162
  setB[244] = 1722
  setB[245] = 4549
  setB[246] = 3115
  setB[247] = 890
  setB[248] = 1351
  setB[249] = 2563
  setB[250] = 597
  setB[251] = 146
  setB[252] = 1693
  setB[253] = 1921
  setB[254] = 1081
  setB[255] = 2847
  setB[256] = 4201
  setB[257] = 4146
  setB[258] = 2525
  setB[259] = 990
  setB[260] = 2773
  setB[261] = 3785
  setB[262] = 2265
  setB[263] = 3246
  setB[264] = 2331
  setB[265] = 2270
  setB[266] = 2370
  setB[267] = 3334
  setB[268] = 674
  setB[269] = 2568
  setB[270] = 1794
  setB[271] = 3355
  setB[272] = 483
  setB[273] = 3071
  setB[274] = 3207
  setB[275] = 358
  setB[276] = 3918
  setB[277] = 3219
  setB[278] = 239
  setB[279] = 3602
  setB[280] = 642
  setB[281] = 1076
  setB[282] = 3730
  setB[283] = 2180
  setB[284] = 4426
  setB[285] = 2160
  setB[286] = 1820
  setB[287] = 824
  setB[288] = 3100
  setB[289] = 1762
  setB[290] = 2557
  setB[291] = 133
  setB[292] = 3413
  setB[293] = 1083
  setB[294] = 2347
  setB[295] = 992
  setB[296] = 562
  setB[297] = 2146
  setB[298] = 1560
  setB[299] = 4804
  setB[300] = 4759
  setB[301] = 3761
  setB[302] = 696
  setB[303] = 1632
  setB[304] = 4320
  setB[305] = 2746
  setB[306] = 2435
  setB[307] = 4235
  setB[308] = 1342
  setB[309] = 4862
  setB[310] = 2549
  setB[311] = 806
  setB[312] = 821
  setB[313] = 1674
  setB[314] = 2830
  setB[315] = 128
  setB[316] = 4693
  setB[317] = 3787
  setB[318] = 3569
  setB[319] = 1870
  setB[320] = 1160
  setB[321] = 3665
  setB[322] = 61
  setB[323] = 4034
  setB[324] = 747
  setB[325] = 3612
  setB[326] = 4752
  setB[327] = 489
  setB[328] = 2660
  setB[329] = 99
  setB[330] = 2290
  setB[331] = 937
  setB[332] = 2244
  setB[333] = 1662
  setB[334] = 3815
  setB[335] = 3233
  setB[336] = 3206
  setB[337] = 2940
  setB[338] = 2564
  setB[339] = 2444
  setB[340] = 4851
  setB[341] = 4890
  setB[342] = 4886
  setB[343] = 4550
  setB[344] = 2373
  setB[345] = 3770
  setB[346] = 3988
  setB[347] = 1873
  setB[348] = 1220
  setB[349] = 2768
  setB[350] = 2488
  setB[351] = 2983
  setB[352] = 2310
  setB[353] = 2181
  setB[354] = 3428
  setB[355] = 225
  setB[356] = 2286
  setB[357] = 3751
  setB[358] = 3278
  setB[359] = 4892
  setB[360] = 1953
  setB[361] = 4889
  setB[362] = 2515
  setB[363] = 1517
  setB[364] = 1945
  setB[365] = 4955
  setB[366] = 3370
  setB[367] = 4005
  setB[368] = 662
  setB[369] = 4239
  setB[370] = 1390
  setB[371] = 4522
  setB[372] = 3900
  setB[373] = 2966
  setB[374] = 4504
  setB[375] = 354
  setB[376] = 877
  setB[377] = 1151
  setB[378] = 4012
  setB[379] = 3880
  setB[380] = 2754
  setB[381] = 643
  setB[382] = 4280
  setB[383] = 4995
  setB[384] = 188
  setB[385] = 628
  setB[386] = 3545
  setB[387] = 4307
  setB[388] = 1810
  setB[389] = 2133
  setB[390] = 4027
  setB[391] = 984
  setB[392] = 224
  setB[393] = 2038
  setB[394] = 3135
  setB[395] = 1347
  setB[396] = 2214
  setB[397] = 117
  setB[398] = 4318
  setB[399] = 1854
  setB[400] = 3969
  setB[401] = 529
  setB[402] = 1589
  setB[403] = 1684
  setB[404] = 4853
  setB[405] = 3011
  setB[406] = 1635
  setB[407] = 4315
  setB[408] = 4151
  setB[409] = 2017
  setB[410] = 274
  setB[411] = 1727
  setB[412] = 1310
  setB[413] = 4357
  setB[414] = 4362
  setB[415] = 4770
  setB[416] = 3632
  setB[417] = 3705
  setB[418] = 3543
  setB[419] = 3145
  setB[420] = 4371
  setB[421] = 1315
  setB[422] = 2467
  setB[423] = 3164
  setB[424] = 3304
  setB[425] = 4801
  setB[426] = 1333
  setB[427] = 0
  setB[428] = 2163
  setB[429] = 724
  setB[430] = 3120
  setB[431] = 531
  setB[432] = 2443
  setB[433] = 3651
  setB[434] = 3589
  setB[435] = 4443
  setB[436] = 4623
  setB[437] = 3249
  setB[438] = 3754
  setB[439] = 4225
  setB[440] = 711
  setB[441] = 1498
  setB[442] = 4702
  setB[443] = 796
  setB[444] = 1355
  setB[445] = 3002
  setB[446] = 3987
  setB[447] = 62
  setB[448] = 929
  setB[449] = 1740
  setB[450] = 3387
  setB[451] = 1848
  setB[452] = 145
  setB[453] = 4060
  setB[454] = 4958
  setB[455] = 3224
  setB[456] = 1413
  setB[457] = 2785
  setB[458] = 731
  setB[459] = 4646
  setB[460] = 4891
  setB[461] = 3058
  setB[462] = 4179
  setB[463] = 1711
  setB[464] = 1173
  setB[465] = 4579
  setB[466] = 4312
  setB[467] = 3604
  setB[468] = 4207
  setB[469] = 4894
  setB[470] = 2191
  setB[471] = 3675
  setB[472] = 925
  setB[473] = 428
  setB[474] = 1799
  setB[475] = 431
  setB[476] = 3915
  setB[477] = 238
  setB[478] = 3402
  setB[479] = 1672
  setB[480] = 4669
  setB[481] = 4427
  setB[482] = 3777
  setB[483] = 4195
  setB[484] = 4507
  setB[485] = 1624
  setB[486] = 1833
  setB[487] = 2481
  setB[488] = 746
  setB[489] = 2726
  setB[490] = 850
  setB[491] = 989
  setB[492] = 2628
  setB[493] = 4114
  setB[494] = 4798
  setB[495] = 1691
  setB[496] = 733
  setB[497] = 1392
  setB[498] = 1339
  setB[499] = 2364
  setB[500] = 2358
  setB[501] = 1574
  setB[502] = 2237
  setB[503] = 4378
  setB[504] = 2103
  setB[505] = 2900
  setB[506] = 4858
  setB[507] = 3079
  setB[508] = 4652
  setB[509] = 1584
  setB[510] = 2135
  setB[511] = 2318
  setB[512] = 4949
  setB[513] = 1746
  setB[514] = 2098
  setB[515] = 1192
  setB[516] = 3762
  setB[517] = 3062
  setB[518] = 1552
  setB[519] = 2425
  setB[520] = 4083
  setB[521] = 58
  setB[522] = 3450
  setB[523] = 3498
  setB[524] = 503
  setB[525] = 1268
  setB[526] = 2795
  setB[527] = 4479
  setB[528] = 422
  setB[529] = 1544
  setB[530] = 2490
  setB[531] = 3216
  setB[532] = 3703
  setB[533] = 2524
  setB[534] = 2423
  setB[535] = 2205
  setB[536] = 1068
  setB[537] = 4666
  setB[538] = 2808
  setB[539] = 1742
  setB[540] = 4697
  setB[541] = 4809
  setB[542] = 4472
  setB[543] = 370
  setB[544] = 2210
  setB[545] = 408
  setB[546] = 1754
  setB[547] = 2187
  setB[548] = 2412
  setB[549] = 1685
  setB[550] = 3287
  setB[551] = 2627
  setB[552] = 2491
  setB[553] = 4465
  setB[554] = 3789
  setB[555] = 508
  setB[556] = 2702
  setB[557] = 129
  setB[558] = 3356
  setB[559] = 2518
  setB[560] = 4583
  setB[561] = 2119
  setB[562] = 2069
  setB[563] = 3259
  setB[564] = 1962
  setB[565] = 2372
  setB[566] = 3198
  setB[567] = 1398
  setB[568] = 758
  setB[569] = 478
  setB[570] = 3102
  setB[571] = 165
  setB[572] = 262
  setB[573] = 1417
  setB[574] = 4193
  setB[575] = 2565
  setB[576] = 4332
  setB[577] = 2354
  setB[578] = 3818
  setB[579] = 595
  setB[580] = 4037
  setB[581] = 3650
  setB[582] = 3528
  setB[583] = 818
  setB[584] = 96
  setB[585] = 2501
  setB[586] = 3982
  setB[587] = 2919
  setB[588] = 1522
  setB[589] = 4560
  setB[590] = 3959
  setB[591] = 514
  setB[592] = 1248
  setB[593] = 4552
  setB[594] = 4470
  setB[595] = 3359
  setB[596] = 1555
  setB[597] = 4175
  setB[598] = 122
  setB[599] = 267
  setB[600] = 3129
  setB[601] = 1592
  setB[602] = 416
  setB[603] = 4249
  setB[604] = 722
  setB[605] = 753
  setB[606] = 4073
  setB[607] = 3844
  setB[608] = 2042
  setB[609] = 217
  setB[610] = 3024
  setB[611] = 1182
  setB[612] = 2721
  setB[613] = 2942
  setB[614] = 1869
  setB[615] = 66
  setB[616] = 603
  setB[617] = 550
  setB[618] = 482
  setB[619] = 2949
  setB[620] = 2263
  setB[621] = 2511
  setB[622] = 3684
  setB[623] = 4420
  setB[624] = 4675
  setB[625] = 2169
  setB[626] = 941
  setB[627] = 4215
  setB[628] = 1135
  setB[629] = 4161
  setB[630] = 4135
  setB[631] = 1050
  setB[632] = 1576
  setB[633] = 347
  setB[634] = 3258
  setB[635] = 4630
  setB[636] = 1012
  setB[637] = 2336
  setB[638] = 2897
  setB[639] = 4283
  setB[640] = 1467
  setB[641] = 3546
  setB[642] = 1515
  setB[643] = 3829
  setB[644] = 2774
  setB[645] = 629
  setB[646] = 2915
  setB[647] = 1232
  setB[648] = 2473
  setB[649] = 971
  setB[650] = 1473
  setB[651] = 2723
  setB[652] = 158
  setB[653] = 2547
  setB[654] = 1200
  setB[655] = 1261
  setB[656] = 3328
  setB[657] = 4915
  setB[658] = 2240
  setB[659] = 3573
  setB[660] = 4490
  setB[661] = 1823
  setB[662] = 240
  setB[663] = 4070
  setB[664] = 1647
  setB[665] = 2722
  setB[666] = 1404
  setB[667] = 3104
  setB[668] = 452
  setB[669] = 1932
  setB[670] = 3181
  setB[671] = 1825
  setB[672] = 450
  setB[673] = 3020
  setB[674] = 2739
  setB[675] = 1755
  setB[676] = 340
  setB[677] = 3374
  setB[678] = 2926
  setB[679] = 2697
  setB[680] = 843
  setB[681] = 748
  setB[682] = 681
  setB[683] = 1099
  setB[684] = 2534
  setB[685] = 4571
  setB[686] = 2528
  setB[687] = 2461
  setB[688] = 3846
  setB[689] = 304
  setB[690] = 220
  setB[691] = 1442
  setB[692] = 2303
  setB[693] = 1484
  setB[694] = 1679
  setB[695] = 1765
  setB[696] = 3327
  setB[697] = 2584
  setB[698] = 4279
  setB[699] = 4969
  setB[700] = 4130
  setB[701] = 4827
  setB[702] = 3664
  setB[703] = 1930
  setB[704] = 510
  setB[705] = 4540
  setB[706] = 4576
  setB[707] = 1052
  setB[708] = 4169
  setB[709] = 4272
  setB[710] = 3433
  setB[711] = 1208
  setB[712] = 2881
  setB[713] = 1545
  setB[714] = 1968
  setB[715] = 1900
  setB[716] = 2389
  setB[717] = 1459
  setB[718] = 2610
  setB[719] = 2032
  setB[720] = 3461
  setB[721] = 887
  setB[722] = 4118
  setB[723] = 2018
  setB[724] = 4240
  setB[725] = 2941
  setB[726] = 3891
  setB[727] = 4222
  setB[728] = 1659
  setB[729] = 3522
  setB[730] = 1843
  setB[731] = 3714
  setB[732] = 4503
  setB[733] = 2131
  setB[734] = 536
  setB[735] = 4739
  setB[736] = 4437
  setB[737] = 3775
  setB[738] = 1728
  setB[739] = 1982
  setB[740] = 3121
  setB[741] = 3354
  setB[742] = 179
  setB[743] = 1572
  setB[744] = 308
  setB[745] = 1337
  setB[746] = 3211
  setB[747] = 4962
  setB[748] = 302
  setB[749] = 2046
  setB[750] = 2258
  setB[751] = 430
  setB[752] = 671
  setB[753] = 4004
  setB[754] = 876
  setB[755] = 4849
  setB[756] = 1316
  setB[757] = 471
  setB[758] = 4131
  setB[759] = 377
  setB[760] = 213
  setB[761] = 552
  setB[762] = 2390
  setB[763] = 1375
  setB[764] = 3811
  setB[765] = 4122
  setB[766] = 2750
  setB[767] = 4563
  setB[768] = 2158
  setB[769] = 4855
  setB[770] = 653
  setB[771] = 2873
  setB[772] = 1435
  setB[773] = 630
  setB[774] = 4960
  setB[775] = 3318
  setB[776] = 785
  setB[777] = 4200
  setB[778] = 375
  setB[779] = 666
  setB[780] = 615
  setB[781] = 4216
  setB[782] = 3491
  setB[783] = 2727
  setB[784] = 2495
  setB[785] = 3875
  setB[786] = 532
  setB[787] = 2648
  setB[788] = 3335
  setB[789] = 4667
  setB[790] = 3686
  setB[791] = 2126
  setB[792] = 1048
  setB[793] = 4912
  setB[794] = 2992
  setB[795] = 1369
  setB[796] = 1751
  setB[797] = 1142
  setB[798] = 1631
  setB[799] = 313
  setB[800] = 1292
  setB[801] = 2204
  setB[802] = 4593
  setB[803] = 4513
  setB[804] = 3948
  setB[805] = 4482
  setB[806] = 3176
  setB[807] = 4079
  setB[808] = 4920
  setB[809] = 457
  setB[810] = 4212
  setB[811] = 4110
  setB[812] = 4404
  setB[813] = 4774
  setB[814] = 2153
  setB[815] = 1643
  setB[816] = 569
  setB[817] = 468
  setB[818] = 4768
  setB[819] = 30
  setB[820] = 4094
  setB[821] = 298
  setB[822] = 1757
  setB[823] = 39
  setB[824] = 1935
  setB[825] = 1503
  setB[826] = 4081
  setB[827] = 1446
  setB[828] = 1453
  setB[829] = 254
  setB[830] = 2415
  setB[831] = 2819
  setB[832] = 2600
  setB[833] = 291
  setB[834] = 3338
  setB[835] = 3973
  setB[836] = 2440
  setB[837] = 2255
  setB[838] = 31
  setB[839] = 4730
  setB[840] = 4803
  setB[841] = 2959
  setB[842] = 260
  setB[843] = 1516
  setB[844] = 1807
  setB[845] = 889
  setB[846] = 2148
  setB[847] = 1472
  setB[848] = 2314
  setB[849] = 1943
  setB[850] = 4640
  setB[851] = 3192
  setB[852] = 2383
  setB[853] = 2752
  setB[854] = 3819
  setB[855] = 1080
  setB[856] = 571
  setB[857] = 4429
  setB[858] = 1707
  setB[859] = 2807
  setB[860] = 3794
  setB[861] = 2398
  setB[862] = 1847
  setB[863] = 1615
  setB[864] = 4370
  setB[865] = 1520
  setB[866] = 1604
  setB[867] = 372
  setB[868] = 1792
  setB[869] = 4671
  setB[870] = 140
  setB[871] = 4381
  setB[872] = 251
  setB[873] = 4202
  setB[874] = 3303
  setB[875] = 1986
  setB[876] = 974
  setB[877] = 2888
  setB[878] = 4570
  setB[879] = 454
  setB[880] = 208
  setB[881] = 2330
  setB[882] = 1197
  setB[883] = 4750
  setB[884] = 137
  setB[885] = 1887
  setB[886] = 2814
  setB[887] = 2312
  setB[888] = 1407
  setB[889] = 3290
  setB[890] = 725
  setB[891] = 3927
  setB[892] = 2958
  setB[893] = 1155
  setB[894] = 400
  setB[895] = 2144
  setB[896] = 4071
  setB[897] = 4084
  setB[898] = 2667
  setB[899] = 2892
  setB[900] = 2828
  setB[901] = 1042
  setB[902] = 553
  setB[903] = 4286
  setB[904] = 98
  setB[905] = 2273
  setB[906] = 392
  setB[907] = 13
  setB[908] = 1032
  setB[909] = 1715
  setB[910] = 1759
  setB[911] = 3194
  setB[912] = 4338
  setB[913] = 2122
  setB[914] = 3245
  setB[915] = 1619
  setB[916] = 1460
  setB[917] = 2477
  setB[918] = 3082
  setB[919] = 2320
  setB[920] = 2200
  setB[921] = 1284
  setB[922] = 4310
  setB[923] = 1542
  setB[924] = 1713
  setB[925] = 635
  setB[926] = 3996
  setB[927] = 4791
  setB[928] = 4843
  setB[929] = 1710
  setB[930] = 1537
  setB[931] = 4185
  setB[932] = 3140
  setB[933] = 2432
  setB[934] = 2839
  setB[935] = 2740
  setB[936] = 1091
  setB[937] = 3298
  setB[938] = 469
  setB[939] = 371
  setB[940] = 4521
  setB[941] = 2068
  setB[942] = 2960
  setB[943] = 191
  setB[944] = 305
  setB[945] = 1017
  setB[946] = 4033
  setB[947] = 613
  setB[948] = 481
  setB[949] = 1314
  setB[950] = 3976
  setB[951] = 2063
  setB[952] = 1026
  setB[953] = 3713
  setB[954] = 2552
  setB[955] = 9
  setB[956] = 3674
  setB[957] = 78
  setB[958] = 2929
  setB[959] = 922
  setB[960] = 35
  setB[961] = 691
  setB[962] = 1652
  setB[963] = 2923
  setB[964] = 1254
  setB[965] = 1867
  setB[966] = 4720
  setB[967] = 3743
  setB[968] = 4355
  setB[969] = 2102
  setB[970] = 2196
  setB[971] = 566
  setB[972] = 4724
  setB[973] = 144
  setB[974] = 52
  setB[975] = 3621
  setB[976] = 4434
  setB[977] = 1085
  setB[978] = 1087
  setB[979] = 834
  setB[980] = 4252
  setB[981] = 112
  setB[982] = 1637
  setB[983] = 3808
  setB[984] = 1046
  setB[985] = 1708
  setB[986] = 1185
  setB[987] = 677
  setB[988] = 2450
  setB[989] = 2583
  setB[990] = 3800
  setB[991] = 4896
  setB[992] = 3061
  setB[993] = 279
  setB[994] = 1625
  setB[995] = 1014
  setB[996] = 3144
  setB[997] = 1903
  setB[998] = 407
  setB[999] = 3860
setA & setB:
  setA_and_setB[  0] = 2180
  setA_and_setB[  1] = 3468
  setA_and_setB[  2] = 2425
  setA_and_setB[  3] = 4540
  setA_and_setB[  4] = 2017
  setA_and_setB[  5] = 2919
  setA_and_setB[  6] = 1339
  setA_and_setB[  7] = 1823
  setA_and_setB[  8] = 2754
  setA_and_setB[  9] = 375
  setA_and_setB[ 10] = 613
  setA_and_setB[ 11] = 66
  setA_and_setB[ 12] = 274
  setA_and_setB[ 13] = 4579
  setA_and_setB[ 14] = 3448
  setA_and_setB[ 15] = 4646
  setA_and_setB[ 16] = 1624
  setA_and_setB[ 17] = 1790
  setA_and_setB[ 18] = 4821
  setA_and_setB[ 19] = 514
  setA_and_setB[ 20] = 1625
  setA_and_setB[ 21] = 3216
  setA_and_setB[ 22] = 3800
  setA_and_setB[ 23] = 1755
  setA_and_setB[ 24] = 2534
  setA_and_setB[ 25] = 796
  setA_and_setB[ 26] = 1261
  setA_and_setB[ 27] = 2318
  setA_and_setB[ 28] = 1595
  setA_and_setB[ 29] = 3290
  setA_and_setB[ 30] = 642
  setA_and_setB[ 31] = 4693
  setA_and_setB[ 32] = 3785
  setA_and_setB[ 33] = 1594
  setA_and_setB[ 34] = 3501
  setA_and_setB[ 35] = 4004
  setA_and_setB[ 36] = 3982
  setA_and_setB[ 37] = 3659
  setA_and_setB[ 38] = 3684
  setA_and_setB[ 39] = 3097
  setA_and_setB[ 40] = 1052
  setA_and_setB[ 41] = 4031
  setA_and_setB[ 42] = 4528
  setA_and_setB[ 43] = 4427
  setA_and_setB[ 44] = 1192
  setA_and_setB[ 45] = 2415
  setA_and_setB[ 46] = 711
  setA_and_setB[ 47] = 3534
  setA_and_setB[ 48] = 4894
  setA_and_setB[ 49] = 98
  setA_and_setB[ 50] = 3211
  setA_and_setB[ 51] = 2398
  setA_and_setB[ 52] = 4656
  setA_and_setB[ 53] = 2941
  setA_and_setB[ 54] = 1254
  setA_and_setB[ 55] = 3207
  setA_and_setB[ 56] = 1522
  setA_and_setB[ 57] = 4623
  setA_and_setB[ 58] = 4504
  setA_and_setB[ 59] = 4503
  setA_and_setB[ 60] = 529
  setA_and_setB[ 61] = 1517
  setA_and_setB[ 62] = 1425
  setA_and_setB[ 63] = 4490
  setA_and_setB[ 64] = 1080
  setA_and_setB[ 65] = 4169
  setA_and_setB[ 66] = 3491
  setA_and_setB[ 67] = 1854
  setA_and_setB[ 68] = 2240
  setA_and_setB[ 69] = 2249
  setA_and_setB[ 70] = 3082
  setA_and_setB[ 71] = 2129
  setA_and_setB[ 72] = 3354
  setA_and_setB[ 73] = 1902
  setA_and_setB[ 74] = 1392
  setA_and_setB[ 75] = 1271
  setA_and_setB[ 76] = 4037
  setA_and_setB[ 77] = 2032
  setA_and_setB[ 78] = 671
  setA_and_setB[ 79] = 2432
  setA_and_setB[ 80] = 2896
  setA_and_setB[ 81] = 1710
  setA_and_setB[ 82] = 2660
  setA_and_setB[ 83] = 3375
  setA_and_setB[ 84] = 1843
  setA_and_setB[ 85] = 3787
  setA_and_setB[ 86] = 3636
  setA_and_setB[ 87] = 4552
  setA_and_setB[ 88] = 3206
  setA_and_setB[ 89] = 2473
  setA_and_setB[ 90] = 400
  setA_and_setB[ 91] = 1413
  setA_and_setB[ 92] = 1138
INFO: cardinality(setA & setB) == 93
