INFO: KMSM contract open succeeded.
INFO: running with loaded data contract.
SUCCESS: Mojo-V data contract validated and loaded.
Decrypted data_contract_t fields:
  salt        = 0xa1bd51183082e0ca
  sig         = "Mojo-V ver. #001"
  sym_key_128 = 0x27a48e9de04eadbc5297fe6330cea7d6
  contract_sig= 0x5d34f1ad3b2327b3
  ciphers     = 0x0000000000000000
  format_sel  = 0 (fast)
chi-squared dataset-size=600 association-categories=4x3 gof-categories=5
chi-squared association contingency:
  row0: 46 61 64 (row-total=171)
  row1: 48 62 61 (row-total=171)
  row2: 24 31 31 (row-total=86)
  row3: 46 64 62 (row-total=172)
  col-totals: 164 218 218
chi-squared goodness-of-fit observed: 123 120 115 126 116
chi-squared goodness-of-fit expected: 60 120 180 150 90
chi-squared association-statistic-scaled-x1000=212 reject-null(alpha=0.05)=no
chi-squared goodness-of-fit-statistic-scaled-x1000=100973 reject-null(alpha=0.05)=yes
chi-squared: encrypted categorical analysis completed for 600 records
