INFO: KMSM contract open succeeded.
INFO: running with loaded data contract.
SUCCESS: Mojo-V data contract validated and loaded.
Decrypted data_contract_t fields:
  salt        = 0xa1bd51183082e0ca
  sig         = "Mojo-V ver. #001"
  sym_key_128 = 0x27a48e9de04eadbc5297fe6330cea7d6
  contract_sig= 0x5d34f1ad3b2327b3
  ciphers     = 0x0000000000000000
  format_sel  = 0 (fast)
trial   0: Johnson             [J525] =? Jonson              [J525] --> true
trial   1: Adams               [A352] =? Addams              [A352] --> true
trial   2: Davis               [D120] =? Davies              [D120] --> true
trial   3: Simons              [S520] =? Simmons             [S520] --> true
trial   4: Richards            [R263] =? Richardson          [R263] --> true
trial   5: Taylor              [T460] =? Tailor              [T460] --> true
trial   6: Carter              [C636] =? Chater              [C360] --> false
trial   7: Stevenson           [S315] =? Stephenson          [S315] --> true
trial   8: Taylor              [T460] =? Naylor              [N460] --> false
trial   9: Smith               [S530] =? Smythe              [S530] --> true
trial  10: McDonald            [M235] =? MacDonald           [M235] --> true
trial  11: Harris              [H620] =? Harrys              [H620] --> true
trial  12: Sim                 [S500] =? Sym                 [S500] --> true
trial  13: Williams            [W452] =? Wilson              [W425] --> false
trial  14: Baker               [B260] =? Barker              [B626] --> false
trial  15: Wells               [W420] =? Wills               [W420] --> true
trial  16: Fraser              [F626] =? Frazer              [F626] --> true
trial  17: Jones               [J520] =? Johns               [J520] --> true
trial  18: Wilks               [W420] =? Wilkinson           [W425] --> false
trial  19: Hunt                [H530] =? Hunter              [H536] --> false
trial  20: Sanders             [S536] =? Saunders            [S536] --> true
trial  21: Parsons             [P625] =? Pearson             [P625] --> true
trial  22: Robson              [R125] =? Robertson           [R163] --> false
trial  23: Harker              [H626] =? Parker              [P626] --> false
